******************************************************************************
             TMS320C2000 Linker PC v16.9.6                     
******************************************************************************
>> Linked Tue Feb 13 12:41:39 2018

OUTPUT FILE NAME:   <Lesson4.out>
ENTRY POINT SYMBOL: "_c_int00"  address: 003f6327


MEMORY CONFIGURATION

         name            origin    length      used     unused   attr    fill
----------------------  --------  ---------  --------  --------  ----  --------
PAGE 0:
  PRAML0                00008000   00000800  00000000  00000800  RWIX
  OTP                   003d7800   00000400  00000000  00000400  RWIX
  FLASHD                003f0000   00002000  00000000  00002000  RWIX
  FLASHC                003f2000   00002000  00000000  00002000  RWIX
  FLASHA                003f6000   00001f80  000004c9  00001ab7  RWIX
  CSM_RSVD              003f7f80   00000076  00000000  00000076  RWIX
  BEGIN                 003f7ff6   00000002  00000002  00000000  RWIX
  CSM_PWL_P0            003f7ff8   00000008  00000000  00000008  RWIX
  IQTABLES              003fe000   00000b50  00000000  00000b50  RWIX
  IQTABLES2             003feb50   0000008c  00000000  0000008c  RWIX
  IQTABLES3             003febdc   000000aa  00000000  000000aa  RWIX
  ROM                   003ff27c   00000d44  00000000  00000d44  RWIX
  RESET                 003fffc0   00000002  00000000  00000002  RWIX
  VECTORS               003fffc2   0000003e  00000000  0000003e  RWIX

PAGE 1:
  BOOT_RSVD             00000000   00000050  00000000  00000050  RWIX
  RAMM0                 00000050   000003b0  00000300  000000b0  RWIX
  RAMM1                 00000400   00000400  00000000  00000400  RWIX
  DEV_EMU               00000880   00000105  00000004  00000101  RWIX
  SYS_PWR_CTL           00000985   00000003  00000003  00000000  RWIX
  FLASH_REGS            00000a80   00000060  00000008  00000058  RWIX
  CSM                   00000ae0   00000010  00000010  00000000  RWIX
  ADC_RESULT            00000b00   00000020  00000020  00000000  RWIX
  CPU_TIMER0            00000c00   00000008  00000008  00000000  RWIX
  CPU_TIMER1            00000c08   00000008  00000008  00000000  RWIX
  CPU_TIMER2            00000c10   00000008  00000008  00000000  RWIX
  PIE_CTRL              00000ce0   00000020  0000001a  00000006  RWIX
  PIE_VECT              00000d00   00000100  00000100  00000000  RWIX
  COMP1                 00006400   00000020  00000011  0000000f  RWIX
  COMP2                 00006420   00000020  00000011  0000000f  RWIX
  EPWM1                 00006800   00000040  00000040  00000000  RWIX
  EPWM2                 00006840   00000040  00000040  00000000  RWIX
  EPWM3                 00006880   00000040  00000040  00000000  RWIX
  EPWM4                 000068c0   00000040  00000040  00000000  RWIX
  ECAP1                 00006a00   00000020  00000020  00000000  RWIX
  GPIOCTRL              00006f80   00000040  00000040  00000000  RWIX
  GPIODAT               00006fc0   00000020  00000020  00000000  RWIX
  GPIOINT               00006fe0   00000020  0000000a  00000016  RWIX
  SYSTEM                00007010   00000020  0000001f  00000001  RWIX
  SPIA                  00007040   00000010  00000010  00000000  RWIX
  SCIA                  00007050   00000010  00000010  00000000  RWIX
  NMIINTRUPT            00007060   00000010  00000010  00000000  RWIX
  XINTRUPT              00007070   00000010  00000010  00000000  RWIX
  ADC                   00007100   00000080  00000051  0000002f  RWIX
  I2CA                  00007900   00000040  00000022  0000001e  RWIX
  DRAML0                00008800   00000800  0000000a  000007f6  RWIX
  PARTID                003d7fff   00000001  00000001  00000000  RWIX
  FLASHB                003f4000   00002000  00000000  00002000  RWIX
  CSM_PWL               003f7ff8   00000008  00000008  00000000  RWIX


SECTION ALLOCATION MAP

 output                                  attributes/
section   page    origin      length       input sections
--------  ----  ----------  ----------   ----------------
.cinit     0    003f64af    0000001a     
                  003f64af    0000000e     rts2800_ml.lib : exit.obj (.cinit)
                  003f64bd    00000005                    : _lock.obj (.cinit:__lock)
                  003f64c2    00000005                    : _lock.obj (.cinit:__unlock)
                  003f64c7    00000002     --HOLE-- [fill = 0]

.pinit     0    003f6000    00000000     UNINITIALIZED

ramfuncs   0    00008000    00000000     UNINITIALIZED

.econst    0    003f6000    00000100     
                  003f6000    00000100     F2802x_PieVect.obj (.econst:_PieVectTableInit)

.text      0    003f6100    000003af     
                  003f6100    00000128     F2802x_SysCtrl.obj (.text)
                  003f6228    000000ff     F2802x_DefaultIsr.obj (.text:retain)
                  003f6327    00000054     rts2800_ml.lib : boot28.obj (.text)
                  003f637b    0000003c     systemInitStart.obj (.text)
                  003f63b7    00000029     rts2800_ml.lib : exit.obj (.text)
                  003f63e0    00000028     F2802x_PieCtrl.obj (.text)
                  003f6408    00000026     F2802x_PieVect.obj (.text)
                  003f642e    00000024     rts2800_ml.lib : cpy_tbl.obj (.text)
                  003f6452    0000001d                    : memcpy.obj (.text)
                  003f646f    00000019                    : args_main.obj (.text)
                  003f6488    00000013     main.obj (.text)
                  003f649b    00000009     rts2800_ml.lib : _lock.obj (.text)
                  003f64a4    00000008     F2802x_CodeStartBranch.obj (.text)
                  003f64ac    00000002     rts2800_ml.lib : pre_init.obj (.text)
                  003f64ae    00000001                    : startup.obj (.text)

codestart 
*          0    003f7ff6    00000002     
                  003f7ff6    00000002     F2802x_CodeStartBranch.obj (codestart)

.stack     1    00000050    00000300     UNINITIALIZED
                  00000050    00000300     --HOLE--

DevEmuRegsFile 
*          1    00000880    00000004     UNINITIALIZED
                  00000880    00000004     F2802x_GlobalVariableDefs.obj (DevEmuRegsFile)

SysPwrCtrlRegsFile 
*          1    00000985    00000003     UNINITIALIZED
                  00000985    00000003     F2802x_GlobalVariableDefs.obj (SysPwrCtrlRegsFile)

FlashRegsFile 
*          1    00000a80    00000008     UNINITIALIZED
                  00000a80    00000008     F2802x_GlobalVariableDefs.obj (FlashRegsFile)

CsmRegsFile 
*          1    00000ae0    00000010     UNINITIALIZED
                  00000ae0    00000010     F2802x_GlobalVariableDefs.obj (CsmRegsFile)

AdcResultFile 
*          1    00000b00    00000020     UNINITIALIZED
                  00000b00    00000020     F2802x_GlobalVariableDefs.obj (AdcResultFile)

CpuTimer0RegsFile 
*          1    00000c00    00000008     UNINITIALIZED
                  00000c00    00000008     F2802x_GlobalVariableDefs.obj (CpuTimer0RegsFile)

CpuTimer1RegsFile 
*          1    00000c08    00000008     UNINITIALIZED
                  00000c08    00000008     F2802x_GlobalVariableDefs.obj (CpuTimer1RegsFile)

CpuTimer2RegsFile 
*          1    00000c10    00000008     UNINITIALIZED
                  00000c10    00000008     F2802x_GlobalVariableDefs.obj (CpuTimer2RegsFile)

PieCtrlRegsFile 
*          1    00000ce0    0000001a     UNINITIALIZED
                  00000ce0    0000001a     F2802x_GlobalVariableDefs.obj (PieCtrlRegsFile)

PieVectTableFile 
*          1    00000d00    00000100     UNINITIALIZED
                  00000d00    00000100     F2802x_GlobalVariableDefs.obj (PieVectTableFile)

EmuKeyVar 
*          1    00000d00    00000001     UNINITIALIZED
                  00000d00    00000001     F2802x_GlobalVariableDefs.obj (EmuKeyVar)

EmuBModeVar 
*          1    00000d01    00000001     UNINITIALIZED
                  00000d01    00000001     F2802x_GlobalVariableDefs.obj (EmuBModeVar)

FlashCallbackVar 
*          1    00000d02    00000002     UNINITIALIZED
                  00000d02    00000002     F2802x_GlobalVariableDefs.obj (FlashCallbackVar)

FlashScalingVar 
*          1    00000d04    00000002     UNINITIALIZED
                  00000d04    00000002     F2802x_GlobalVariableDefs.obj (FlashScalingVar)

Comp1RegsFile 
*          1    00006400    00000011     UNINITIALIZED
                  00006400    00000011     F2802x_GlobalVariableDefs.obj (Comp1RegsFile)

Comp2RegsFile 
*          1    00006420    00000011     UNINITIALIZED
                  00006420    00000011     F2802x_GlobalVariableDefs.obj (Comp2RegsFile)

EPwm1RegsFile 
*          1    00006800    00000040     UNINITIALIZED
                  00006800    00000040     F2802x_GlobalVariableDefs.obj (EPwm1RegsFile)

EPwm2RegsFile 
*          1    00006840    00000040     UNINITIALIZED
                  00006840    00000040     F2802x_GlobalVariableDefs.obj (EPwm2RegsFile)

EPwm3RegsFile 
*          1    00006880    00000040     UNINITIALIZED
                  00006880    00000040     F2802x_GlobalVariableDefs.obj (EPwm3RegsFile)

EPwm4RegsFile 
*          1    000068c0    00000040     UNINITIALIZED
                  000068c0    00000040     F2802x_GlobalVariableDefs.obj (EPwm4RegsFile)

ECap1RegsFile 
*          1    00006a00    00000020     UNINITIALIZED
                  00006a00    00000020     F2802x_GlobalVariableDefs.obj (ECap1RegsFile)

GpioCtrlRegsFile 
*          1    00006f80    00000040     UNINITIALIZED
                  00006f80    00000040     F2802x_GlobalVariableDefs.obj (GpioCtrlRegsFile)

GpioDataRegsFile 
*          1    00006fc0    00000020     UNINITIALIZED
                  00006fc0    00000020     F2802x_GlobalVariableDefs.obj (GpioDataRegsFile)

GpioIntRegsFile 
*          1    00006fe0    0000000a     UNINITIALIZED
                  00006fe0    0000000a     F2802x_GlobalVariableDefs.obj (GpioIntRegsFile)

SysCtrlRegsFile 
*          1    00007010    0000001f     UNINITIALIZED
                  00007010    0000001f     F2802x_GlobalVariableDefs.obj (SysCtrlRegsFile)

SpiaRegsFile 
*          1    00007040    00000010     UNINITIALIZED
                  00007040    00000010     F2802x_GlobalVariableDefs.obj (SpiaRegsFile)

SciaRegsFile 
*          1    00007050    00000010     UNINITIALIZED
                  00007050    00000010     F2802x_GlobalVariableDefs.obj (SciaRegsFile)

NmiIntruptRegsFile 
*          1    00007060    00000010     UNINITIALIZED
                  00007060    00000010     F2802x_GlobalVariableDefs.obj (NmiIntruptRegsFile)

XIntruptRegsFile 
*          1    00007070    00000010     UNINITIALIZED
                  00007070    00000010     F2802x_GlobalVariableDefs.obj (XIntruptRegsFile)

AdcRegsFile 
*          1    00007100    00000051     UNINITIALIZED
                  00007100    00000051     F2802x_GlobalVariableDefs.obj (AdcRegsFile)

I2caRegsFile 
*          1    00007900    00000022     UNINITIALIZED
                  00007900    00000022     F2802x_GlobalVariableDefs.obj (I2caRegsFile)

.ebss      1    00008800    0000000a     UNINITIALIZED
                  00008800    00000006     rts2800_ml.lib : exit.obj (.ebss)
                  00008806    00000002                    : _lock.obj (.ebss:__lock)
                  00008808    00000002                    : _lock.obj (.ebss:__unlock)

.reset     0    003fffc0    00000002     DSECT
                  003fffc0    00000002     rts2800_ml.lib : boot28.obj (.reset)

vectors    0    003fffc2    00000000     DSECT

PartIdRegsFile 
*          1    003d7fff    00000001     UNINITIALIZED
                  003d7fff    00000001     F2802x_GlobalVariableDefs.obj (PartIdRegsFile)

CsmPwlFile 
*          1    003f7ff8    00000008     UNINITIALIZED
                  003f7ff8    00000008     F2802x_GlobalVariableDefs.obj (CsmPwlFile)

MODULE SUMMARY

       Module                          code   initialized data   uninitialized data
       ------                          ----   ----------------   ------------------
    .\src\
       systemInitStart.obj             60     0                  0                 
       main.obj                        19     0                  0                 
    +--+-------------------------------+------+------------------+--------------------+
       Total:                          79     0                  0                 
                                                                                   
    .\src\system_src\
       F2802x_GlobalVariableDefs.obj   0      0                  1022              
       F2802x_SysCtrl.obj              296    0                  0                 
       F2802x_PieVect.obj              38     256                0                 
       F2802x_DefaultIsr.obj           255    0                  0                 
       F2802x_PieCtrl.obj              40     0                  0                 
       F2802x_CodeStartBranch.obj      10     0                  0                 
    +--+-------------------------------+------+------------------+--------------------+
       Total:                          639    256                1022              
                                                                                   
    C:\Program Files\TI CCS7\ccsv7\tools\compiler\ti-cgt-c2000_16.9.6.LTS\lib\rts2800_ml.lib
       boot28.obj                      84     0                  0                 
       exit.obj                        41     14                 6                 
       cpy_tbl.obj                     36     0                  0                 
       memcpy.obj                      29     0                  0                 
       args_main.obj                   25     0                  0                 
       _lock.obj                       9      10                 4                 
       pre_init.obj                    2      0                  0                 
       startup.obj                     1      0                  0                 
    +--+-------------------------------+------+------------------+--------------------+
       Total:                          227    24                 10                
                                                                                   
       Stack:                          0      0                  768               
    +--+-------------------------------+------+------------------+--------------------+
       Grand Total:                    945    280                1800              


GLOBAL DATA SYMBOLS: SORTED BY DATA PAGE

address     data page           name
--------    ----------------    ----
00000050       1 (00000040)     __stack

00000880      22 (00000880)     _DevEmuRegs

00000985      26 (00000980)     _SysPwrCtrlRegs

00000a80      2a (00000a80)     _FlashRegs

00000ae0      2b (00000ac0)     _CsmRegs

00000b00      2c (00000b00)     _AdcResult

00000c00      30 (00000c00)     _CpuTimer0Regs
00000c08      30 (00000c00)     _CpuTimer1Regs
00000c10      30 (00000c00)     _CpuTimer2Regs

00000ce0      33 (00000cc0)     _PieCtrlRegs

00000d00      34 (00000d00)     _EmuKey
00000d00      34 (00000d00)     _PieVectTable
00000d01      34 (00000d00)     _EmuBMode
00000d02      34 (00000d00)     _Flash_CallbackPtr
00000d04      34 (00000d00)     _Flash_CPUScaleFactor

00006400     190 (00006400)     _Comp1Regs
00006420     190 (00006400)     _Comp2Regs

00006800     1a0 (00006800)     _EPwm1Regs

00006840     1a1 (00006840)     _EPwm2Regs

00006880     1a2 (00006880)     _EPwm3Regs

000068c0     1a3 (000068c0)     _EPwm4Regs

00006a00     1a8 (00006a00)     _ECap1Regs

00006f80     1be (00006f80)     _GpioCtrlRegs

00006fc0     1bf (00006fc0)     _GpioDataRegs
00006fe0     1bf (00006fc0)     _GpioIntRegs

00007010     1c0 (00007000)     _SysCtrlRegs

00007040     1c1 (00007040)     _SpiaRegs
00007050     1c1 (00007040)     _SciaRegs
00007060     1c1 (00007040)     _NmiIntruptRegs
00007070     1c1 (00007040)     _XIntruptRegs

00007100     1c4 (00007100)     _AdcRegs

00007900     1e4 (00007900)     _I2caRegs

00008800     220 (00008800)     ___TI_enable_exit_profile_output
00008802     220 (00008800)     ___TI_cleanup_ptr
00008804     220 (00008800)     ___TI_dtors_ptr
00008806     220 (00008800)     __lock
00008808     220 (00008800)     __unlock

003d7fff    f5ff (003d7fc0)     _PartIdRegs

003f6000    fd80 (003f6000)     _PieVectTableInit

003f7ff8    fdff (003f7fc0)     _CsmPwl


GLOBAL SYMBOLS: SORTED ALPHABETICALLY BY Name 

page  address   name                            
----  -------   ----                            
abs   ffffffff  .text                           
0     003f63b7  C$$EXIT                         
0     003f6287  _ADCINT1_ISR                    
0     003f628c  _ADCINT2_ISR                    
0     003f62f5  _ADCINT3_ISR                    
0     003f62fa  _ADCINT4_ISR                    
0     003f62ff  _ADCINT5_ISR                    
0     003f6304  _ADCINT6_ISR                    
0     003f6309  _ADCINT7_ISR                    
0     003f630e  _ADCINT8_ISR                    
0     003f629b  _ADCINT9_ISR                    
1     00007100  _AdcRegs                        
1     00000b00  _AdcResult                      
1     00006400  _Comp1Regs                      
1     00006420  _Comp2Regs                      
1     00000c00  _CpuTimer0Regs                  
1     00000c08  _CpuTimer1Regs                  
1     00000c10  _CpuTimer2Regs                  
1     003f7ff8  _CsmPwl                         
1     00000ae0  _CsmRegs                        
0     003f61ab  _CsmUnlock                      
0     003f6232  _DATALOG_ISR                    
1     00000880  _DevEmuRegs                     
0     003f6124  _DisableDog                     
0     003f62d2  _ECAP1_INT_ISR                  
1     00006a00  _ECap1Regs                      
0     003f6318  _EMPTY_ISR                      
0     003f623c  _EMUINT_ISR                     
0     003f62be  _EPWM1_INT_ISR                  
0     003f62aa  _EPWM1_TZINT_ISR                
0     003f62c3  _EPWM2_INT_ISR                  
0     003f62af  _EPWM2_TZINT_ISR                
0     003f62c8  _EPWM3_INT_ISR                  
0     003f62b4  _EPWM3_TZINT_ISR                
0     003f62cd  _EPWM4_INT_ISR                  
0     003f62b9  _EPWM4_TZINT_ISR                
1     00006800  _EPwm1Regs                      
1     00006840  _EPwm2Regs                      
1     00006880  _EPwm3Regs                      
1     000068c0  _EPwm4Regs                      
1     00000d01  _EmuBMode                       
1     00000d00  _EmuKey                         
0     003f63ff  _EnableInterrupts               
0     003f6212  _ExtOscSel                      
1     00000a80  _FlashRegs                      
1     00000d04  _Flash_CPUScaleFactor           
1     00000d02  _Flash_CallbackPtr              
1     00006f80  _GpioCtrlRegs                   
1     00006fc0  _GpioDataRegs                   
1     00006fe0  _GpioIntRegs                    
0     003f62e1  _I2CINT1A_ISR                   
0     003f62e6  _I2CINT2A_ISR                   
1     00007900  _I2caRegs                       
0     003f6246  _ILLEGAL_ISR                    
0     003f6228  _INT13_ISR                      
0     003f622d  _INT14_ISR                      
0     003f638c  _InitLEDgpio                    
0     003f6179  _InitPeripheralClocks           
0     003f63e0  _InitPieCtrl                    
0     003f6408  _InitPieVectTable               
0     003f612c  _InitPll                        
0     003f637b  _InitStartSystem                
0     003f6100  _InitSysCtrl                    
0     003f61dc  _IntOsc1Sel                     
0     003f61ec  _IntOsc2Sel                     
0     003f6241  _NMI_ISR                        
1     00007060  _NmiIntruptRegs                 
0     003f631d  _PIE_RESERVED                   
1     003d7fff  _PartIdRegs                     
1     00000ce0  _PieCtrlRegs                    
1     00000d00  _PieVectTable                   
0     003f6000  _PieVectTableInit               
0     003f6237  _RTOSINT_ISR                    
abs   00000000  _RamfuncsLoadSize               
0     00008000  _RamfuncsLoadStart              
0     00008000  _RamfuncsRunStart               
0     003f62eb  _SCIRXINTA_ISR                  
0     003f62f0  _SCITXINTA_ISR                  
0     003f62d7  _SPIRXINTA_ISR                  
0     003f62dc  _SPITXINTA_ISR                  
1     00007050  _SciaRegs                       
0     003f611a  _ServiceDog                     
1     00007040  _SpiaRegs                       
1     00007010  _SysCtrlRegs                    
1     00000985  _SysPwrCtrlRegs                 
0     003f62a0  _TINT0_ISR                      
0     003f6278  _USER10_ISR                     
0     003f627d  _USER11_ISR                     
0     003f6282  _USER12_ISR                     
0     003f624b  _USER1_ISR                      
0     003f6250  _USER2_ISR                      
0     003f6255  _USER3_ISR                      
0     003f625a  _USER4_ISR                      
0     003f625f  _USER5_ISR                      
0     003f6264  _USER6_ISR                      
0     003f6269  _USER7_ISR                      
0     003f626e  _USER8_ISR                      
0     003f6273  _USER9_ISR                      
0     003f62a5  _WAKEINT_ISR                    
0     003f6291  _XINT1_ISR                      
0     003f6296  _XINT2_ISR                      
0     003f6313  _XINT3_ISR                      
1     00007070  _XIntruptRegs                   
0     003f61fe  _XtalOscSel                     
1     00000350  __STACK_END                     
abs   00000300  __STACK_SIZE                    
1     00008802  ___TI_cleanup_ptr               
1     00008804  ___TI_dtors_ptr                 
1     00008800  ___TI_enable_exit_profile_output
abs   ffffffff  ___TI_pprof_out_hndl            
abs   ffffffff  ___TI_prof_data_size            
abs   ffffffff  ___TI_prof_data_start           
abs   ffffffff  ___binit__                      
abs   ffffffff  ___c_args__                     
0     003f64af  ___cinit__                      
abs   ffffffff  ___etext__                      
abs   ffffffff  ___pinit__                      
abs   ffffffff  ___text__                       
0     003f646f  __args_main                     
1     00008806  __lock                          
0     003f64a3  __nop                           
0     003f649f  __register_lock                 
0     003f649b  __register_unlock               
1     00000050  __stack                         
0     003f64ae  __system_post_cinit             
0     003f64ac  __system_pre_init               
1     00008808  __unlock                        
0     003f63b7  _abort                          
0     003f6327  _c_int00                        
0     003f642e  _copy_in                        
0     003f63ad  _delay                          
0     003f63b9  _exit                           
0     003f6488  _main                           
0     003f6452  _memcpy                         
0     003f6322  _rsvd_ISR                       
abs   ffffffff  binit                           
0     003f64af  cinit                           
0     003f7ff6  code_start                      
abs   ffffffff  etext                           
abs   ffffffff  pinit                           


GLOBAL SYMBOLS: SORTED BY Symbol Address 

page  address   name                            
----  -------   ----                            
0     00008000  _RamfuncsLoadStart              
0     00008000  _RamfuncsRunStart               
0     003f6000  _PieVectTableInit               
0     003f6100  _InitSysCtrl                    
0     003f611a  _ServiceDog                     
0     003f6124  _DisableDog                     
0     003f612c  _InitPll                        
0     003f6179  _InitPeripheralClocks           
0     003f61ab  _CsmUnlock                      
0     003f61dc  _IntOsc1Sel                     
0     003f61ec  _IntOsc2Sel                     
0     003f61fe  _XtalOscSel                     
0     003f6212  _ExtOscSel                      
0     003f6228  _INT13_ISR                      
0     003f622d  _INT14_ISR                      
0     003f6232  _DATALOG_ISR                    
0     003f6237  _RTOSINT_ISR                    
0     003f623c  _EMUINT_ISR                     
0     003f6241  _NMI_ISR                        
0     003f6246  _ILLEGAL_ISR                    
0     003f624b  _USER1_ISR                      
0     003f6250  _USER2_ISR                      
0     003f6255  _USER3_ISR                      
0     003f625a  _USER4_ISR                      
0     003f625f  _USER5_ISR                      
0     003f6264  _USER6_ISR                      
0     003f6269  _USER7_ISR                      
0     003f626e  _USER8_ISR                      
0     003f6273  _USER9_ISR                      
0     003f6278  _USER10_ISR                     
0     003f627d  _USER11_ISR                     
0     003f6282  _USER12_ISR                     
0     003f6287  _ADCINT1_ISR                    
0     003f628c  _ADCINT2_ISR                    
0     003f6291  _XINT1_ISR                      
0     003f6296  _XINT2_ISR                      
0     003f629b  _ADCINT9_ISR                    
0     003f62a0  _TINT0_ISR                      
0     003f62a5  _WAKEINT_ISR                    
0     003f62aa  _EPWM1_TZINT_ISR                
0     003f62af  _EPWM2_TZINT_ISR                
0     003f62b4  _EPWM3_TZINT_ISR                
0     003f62b9  _EPWM4_TZINT_ISR                
0     003f62be  _EPWM1_INT_ISR                  
0     003f62c3  _EPWM2_INT_ISR                  
0     003f62c8  _EPWM3_INT_ISR                  
0     003f62cd  _EPWM4_INT_ISR                  
0     003f62d2  _ECAP1_INT_ISR                  
0     003f62d7  _SPIRXINTA_ISR                  
0     003f62dc  _SPITXINTA_ISR                  
0     003f62e1  _I2CINT1A_ISR                   
0     003f62e6  _I2CINT2A_ISR                   
0     003f62eb  _SCIRXINTA_ISR                  
0     003f62f0  _SCITXINTA_ISR                  
0     003f62f5  _ADCINT3_ISR                    
0     003f62fa  _ADCINT4_ISR                    
0     003f62ff  _ADCINT5_ISR                    
0     003f6304  _ADCINT6_ISR                    
0     003f6309  _ADCINT7_ISR                    
0     003f630e  _ADCINT8_ISR                    
0     003f6313  _XINT3_ISR                      
0     003f6318  _EMPTY_ISR                      
0     003f631d  _PIE_RESERVED                   
0     003f6322  _rsvd_ISR                       
0     003f6327  _c_int00                        
0     003f637b  _InitStartSystem                
0     003f638c  _InitLEDgpio                    
0     003f63ad  _delay                          
0     003f63b7  C$$EXIT                         
0     003f63b7  _abort                          
0     003f63b9  _exit                           
0     003f63e0  _InitPieCtrl                    
0     003f63ff  _EnableInterrupts               
0     003f6408  _InitPieVectTable               
0     003f642e  _copy_in                        
0     003f6452  _memcpy                         
0     003f646f  __args_main                     
0     003f6488  _main                           
0     003f649b  __register_unlock               
0     003f649f  __register_lock                 
0     003f64a3  __nop                           
0     003f64ac  __system_pre_init               
0     003f64ae  __system_post_cinit             
0     003f64af  ___cinit__                      
0     003f64af  cinit                           
0     003f7ff6  code_start                      
1     00000050  __stack                         
1     00000350  __STACK_END                     
1     00000880  _DevEmuRegs                     
1     00000985  _SysPwrCtrlRegs                 
1     00000a80  _FlashRegs                      
1     00000ae0  _CsmRegs                        
1     00000b00  _AdcResult                      
1     00000c00  _CpuTimer0Regs                  
1     00000c08  _CpuTimer1Regs                  
1     00000c10  _CpuTimer2Regs                  
1     00000ce0  _PieCtrlRegs                    
1     00000d00  _EmuKey                         
1     00000d00  _PieVectTable                   
1     00000d01  _EmuBMode                       
1     00000d02  _Flash_CallbackPtr              
1     00000d04  _Flash_CPUScaleFactor           
1     00006400  _Comp1Regs                      
1     00006420  _Comp2Regs                      
1     00006800  _EPwm1Regs                      
1     00006840  _EPwm2Regs                      
1     00006880  _EPwm3Regs                      
1     000068c0  _EPwm4Regs                      
1     00006a00  _ECap1Regs                      
1     00006f80  _GpioCtrlRegs                   
1     00006fc0  _GpioDataRegs                   
1     00006fe0  _GpioIntRegs                    
1     00007010  _SysCtrlRegs                    
1     00007040  _SpiaRegs                       
1     00007050  _SciaRegs                       
1     00007060  _NmiIntruptRegs                 
1     00007070  _XIntruptRegs                   
1     00007100  _AdcRegs                        
1     00007900  _I2caRegs                       
1     00008800  ___TI_enable_exit_profile_output
1     00008802  ___TI_cleanup_ptr               
1     00008804  ___TI_dtors_ptr                 
1     00008806  __lock                          
1     00008808  __unlock                        
1     003d7fff  _PartIdRegs                     
1     003f7ff8  _CsmPwl                         
abs   00000000  _RamfuncsLoadSize               
abs   00000300  __STACK_SIZE                    
abs   ffffffff  .text                           
abs   ffffffff  ___TI_pprof_out_hndl            
abs   ffffffff  ___TI_prof_data_size            
abs   ffffffff  ___TI_prof_data_start           
abs   ffffffff  ___binit__                      
abs   ffffffff  ___c_args__                     
abs   ffffffff  ___etext__                      
abs   ffffffff  ___pinit__                      
abs   ffffffff  ___text__                       
abs   ffffffff  binit                           
abs   ffffffff  etext                           
abs   ffffffff  pinit                           

[140 symbols]
