<?xml version="1.0"?>
<link_info>
   <banner>TMS320C2000 Linker PC v16.9.6.LTS</banner>
   <copyright>Copyright (c) 1996-2017 Texas Instruments Incorporated</copyright>
   <link_time>0x5ac0a3a9</link_time>
   <link_errors>0x0</link_errors>
   <output_file>Lesson6.out</output_file>
   <entry_point>
      <name>_c_int00</name>
      <address>0x3f640f</address>
   </entry_point>
   <input_file_list>
      <input_file id="fl-2">
         <path>.\src\</path>
         <kind>object</kind>
         <file>libUART.obj</file>
         <name>libUART.obj</name>
      </input_file>
      <input_file id="fl-3">
         <path>.\src\</path>
         <kind>object</kind>
         <file>main.obj</file>
         <name>main.obj</name>
      </input_file>
      <input_file id="fl-4">
         <path>.\src\</path>
         <kind>object</kind>
         <file>systemInitStart.obj</file>
         <name>systemInitStart.obj</name>
      </input_file>
      <input_file id="fl-5">
         <path>.\src\system_src\</path>
         <kind>object</kind>
         <file>F2802x_CodeStartBranch.obj</file>
         <name>F2802x_CodeStartBranch.obj</name>
      </input_file>
      <input_file id="fl-6">
         <path>.\src\system_src\</path>
         <kind>object</kind>
         <file>F2802x_DefaultIsr.obj</file>
         <name>F2802x_DefaultIsr.obj</name>
      </input_file>
      <input_file id="fl-7">
         <path>.\src\system_src\</path>
         <kind>object</kind>
         <file>F2802x_GlobalVariableDefs.obj</file>
         <name>F2802x_GlobalVariableDefs.obj</name>
      </input_file>
      <input_file id="fl-8">
         <path>.\src\system_src\</path>
         <kind>object</kind>
         <file>F2802x_PieCtrl.obj</file>
         <name>F2802x_PieCtrl.obj</name>
      </input_file>
      <input_file id="fl-9">
         <path>.\src\system_src\</path>
         <kind>object</kind>
         <file>F2802x_PieVect.obj</file>
         <name>F2802x_PieVect.obj</name>
      </input_file>
      <input_file id="fl-a">
         <path>.\src\system_src\</path>
         <kind>object</kind>
         <file>F2802x_SysCtrl.obj</file>
         <name>F2802x_SysCtrl.obj</name>
      </input_file>
      <input_file id="fl-f">
         <kind>object</kind>
         <file>&lt;internal&gt;</file>
         <name>&lt;internal&gt;</name>
      </input_file>
      <input_file id="fl-1d">
         <path>C:\Program Files\Texas Instruments\ccsv7\tools\compiler\ti-cgt-c2000_16.9.6.LTS\lib\</path>
         <kind>archive</kind>
         <file>rts2800_ml.lib</file>
         <name>boot28.obj</name>
      </input_file>
      <input_file id="fl-1e">
         <path>C:\Program Files\Texas Instruments\ccsv7\tools\compiler\ti-cgt-c2000_16.9.6.LTS\lib\</path>
         <kind>archive</kind>
         <file>rts2800_ml.lib</file>
         <name>cpy_tbl.obj</name>
      </input_file>
      <input_file id="fl-1f">
         <path>C:\Program Files\Texas Instruments\ccsv7\tools\compiler\ti-cgt-c2000_16.9.6.LTS\lib\</path>
         <kind>archive</kind>
         <file>rts2800_ml.lib</file>
         <name>exit.obj</name>
      </input_file>
      <input_file id="fl-20">
         <path>C:\Program Files\Texas Instruments\ccsv7\tools\compiler\ti-cgt-c2000_16.9.6.LTS\lib\</path>
         <kind>archive</kind>
         <file>rts2800_ml.lib</file>
         <name>memcpy.obj</name>
      </input_file>
      <input_file id="fl-21">
         <path>C:\Program Files\Texas Instruments\ccsv7\tools\compiler\ti-cgt-c2000_16.9.6.LTS\lib\</path>
         <kind>archive</kind>
         <file>rts2800_ml.lib</file>
         <name>pre_init.obj</name>
      </input_file>
      <input_file id="fl-22">
         <path>C:\Program Files\Texas Instruments\ccsv7\tools\compiler\ti-cgt-c2000_16.9.6.LTS\lib\</path>
         <kind>archive</kind>
         <file>rts2800_ml.lib</file>
         <name>startup.obj</name>
      </input_file>
      <input_file id="fl-23">
         <path>C:\Program Files\Texas Instruments\ccsv7\tools\compiler\ti-cgt-c2000_16.9.6.LTS\lib\</path>
         <kind>archive</kind>
         <file>rts2800_ml.lib</file>
         <name>_lock.obj</name>
      </input_file>
      <input_file id="fl-24">
         <path>C:\Program Files\Texas Instruments\ccsv7\tools\compiler\ti-cgt-c2000_16.9.6.LTS\lib\</path>
         <kind>archive</kind>
         <file>rts2800_ml.lib</file>
         <name>args_main.obj</name>
      </input_file>
   </input_file_list>
   <object_component_list>
      <object_component id="oc-94">
         <name>.cinit</name>
         <load_address>0x3f6569</load_address>
         <run_address>0x3f6569</run_address>
         <size>0xe</size>
         <input_file_ref idref="fl-1f"/>
      </object_component>
      <object_component id="oc-bb">
         <name>.cinit:__lock</name>
         <load_address>0x3f6577</load_address>
         <run_address>0x3f6577</run_address>
         <size>0x5</size>
         <input_file_ref idref="fl-23"/>
      </object_component>
      <object_component id="oc-bf">
         <name>.cinit:__unlock</name>
         <load_address>0x3f657c</load_address>
         <run_address>0x3f657c</run_address>
         <size>0x5</size>
         <input_file_ref idref="fl-23"/>
      </object_component>
      <object_component id="oc-c0">
         <name>.text</name>
         <load_address>0x3f6111</load_address>
         <run_address>0x3f6111</run_address>
         <size>0x128</size>
         <input_file_ref idref="fl-a"/>
      </object_component>
      <object_component id="oc-51">
         <name>.text:retain</name>
         <load_address>0x3f6239</load_address>
         <run_address>0x3f6239</run_address>
         <size>0x11b</size>
         <input_file_ref idref="fl-6"/>
      </object_component>
      <object_component id="oc-bc">
         <name>.text</name>
         <load_address>0x3f6354</load_address>
         <run_address>0x3f6354</run_address>
         <size>0x5e</size>
         <input_file_ref idref="fl-4"/>
      </object_component>
      <object_component id="oc-bd">
         <name>.text</name>
         <load_address>0x3f63b2</load_address>
         <run_address>0x3f63b2</run_address>
         <size>0x5d</size>
         <input_file_ref idref="fl-2"/>
      </object_component>
      <object_component id="oc-38">
         <name>.text</name>
         <load_address>0x3f640f</load_address>
         <run_address>0x3f640f</run_address>
         <size>0x54</size>
         <input_file_ref idref="fl-1d"/>
      </object_component>
      <object_component id="oc-b7">
         <name>.text</name>
         <load_address>0x3f6463</load_address>
         <run_address>0x3f6463</run_address>
         <size>0x29</size>
         <input_file_ref idref="fl-1f"/>
      </object_component>
      <object_component id="oc-c1">
         <name>.text</name>
         <load_address>0x3f648c</load_address>
         <run_address>0x3f648c</run_address>
         <size>0x28</size>
         <input_file_ref idref="fl-8"/>
      </object_component>
      <object_component id="oc-c2">
         <name>.text</name>
         <load_address>0x3f64b4</load_address>
         <run_address>0x3f64b4</run_address>
         <size>0x26</size>
         <input_file_ref idref="fl-9"/>
      </object_component>
      <object_component id="oc-b4">
         <name>.text</name>
         <load_address>0x3f64da</load_address>
         <run_address>0x3f64da</run_address>
         <size>0x24</size>
         <input_file_ref idref="fl-1e"/>
      </object_component>
      <object_component id="oc-b8">
         <name>.text</name>
         <load_address>0x3f64fe</load_address>
         <run_address>0x3f64fe</run_address>
         <size>0x1d</size>
         <input_file_ref idref="fl-20"/>
      </object_component>
      <object_component id="oc-b6">
         <name>.text</name>
         <load_address>0x3f651b</load_address>
         <run_address>0x3f651b</run_address>
         <size>0x19</size>
         <input_file_ref idref="fl-24"/>
      </object_component>
      <object_component id="oc-45">
         <name>.text:retain</name>
         <load_address>0x3f6534</load_address>
         <run_address>0x3f6534</run_address>
         <size>0x13</size>
         <input_file_ref idref="fl-4"/>
      </object_component>
      <object_component id="oc-b9">
         <name>.text</name>
         <load_address>0x3f6547</load_address>
         <run_address>0x3f6547</run_address>
         <size>0xe</size>
         <input_file_ref idref="fl-3"/>
      </object_component>
      <object_component id="oc-be">
         <name>.text</name>
         <load_address>0x3f6555</load_address>
         <run_address>0x3f6555</run_address>
         <size>0x9</size>
         <input_file_ref idref="fl-23"/>
      </object_component>
      <object_component id="oc-4a">
         <name>.text</name>
         <load_address>0x3f655e</load_address>
         <run_address>0x3f655e</run_address>
         <size>0x8</size>
         <input_file_ref idref="fl-5"/>
      </object_component>
      <object_component id="oc-b3">
         <name>.text</name>
         <load_address>0x3f6566</load_address>
         <run_address>0x3f6566</run_address>
         <size>0x2</size>
         <input_file_ref idref="fl-21"/>
      </object_component>
      <object_component id="oc-b5">
         <name>.text</name>
         <load_address>0x3f6568</load_address>
         <run_address>0x3f6568</run_address>
         <size>0x1</size>
         <input_file_ref idref="fl-22"/>
      </object_component>
      <object_component id="oc-4b">
         <name>codestart</name>
         <load_address>0x3f7ff6</load_address>
         <run_address>0x3f7ff6</run_address>
         <size>0x2</size>
         <input_file_ref idref="fl-5"/>
      </object_component>
      <object_component id="oc-88">
         <name>.stack</name>
         <uninitialized>true</uninitialized>
         <run_address>0x50</run_address>
         <size>0x0</size>
         <input_file_ref idref="fl-1d"/>
      </object_component>
      <object_component id="oc-104">
         <name>.stack</name>
         <uninitialized>true</uninitialized>
         <run_address>0x50</run_address>
         <size>0x0</size>
      </object_component>
      <object_component id="oc-95">
         <name>.ebss</name>
         <uninitialized>true</uninitialized>
         <run_address>0x8800</run_address>
         <size>0x6</size>
         <input_file_ref idref="fl-1f"/>
      </object_component>
      <object_component id="oc-c3">
         <name>.ebss:__unlock</name>
         <uninitialized>true</uninitialized>
         <run_address>0x8808</run_address>
         <size>0x2</size>
         <input_file_ref idref="fl-23"/>
      </object_component>
      <object_component id="oc-ba">
         <name>.ebss:__lock</name>
         <uninitialized>true</uninitialized>
         <run_address>0x8806</run_address>
         <size>0x2</size>
         <input_file_ref idref="fl-23"/>
      </object_component>
      <object_component id="oc-c4">
         <name>.econst:_PieVectTableInit</name>
         <load_address>0x3f6000</load_address>
         <run_address>0x3f6000</run_address>
         <size>0x100</size>
         <input_file_ref idref="fl-9"/>
      </object_component>
      <object_component id="oc-3f">
         <name>.econst:.string</name>
         <load_address>0x3f6100</load_address>
         <run_address>0x3f6100</run_address>
         <size>0x11</size>
         <input_file_ref idref="fl-3"/>
      </object_component>
      <object_component id="oc-89">
         <name>.reset</name>
         <load_address>0x3fffc0</load_address>
         <run_address>0x3fffc0</run_address>
         <size>0x2</size>
         <input_file_ref idref="fl-1d"/>
      </object_component>
      <object_component id="oc-77">
         <name>PieVectTableFile</name>
         <uninitialized>true</uninitialized>
         <run_address>0xd00</run_address>
         <size>0x100</size>
         <input_file_ref idref="fl-7"/>
      </object_component>
      <object_component id="oc-57">
         <name>EmuKeyVar</name>
         <uninitialized>true</uninitialized>
         <run_address>0xd00</run_address>
         <size>0x1</size>
         <input_file_ref idref="fl-7"/>
      </object_component>
      <object_component id="oc-59">
         <name>EmuBModeVar</name>
         <uninitialized>true</uninitialized>
         <run_address>0xd01</run_address>
         <size>0x1</size>
         <input_file_ref idref="fl-7"/>
      </object_component>
      <object_component id="oc-5b">
         <name>FlashCallbackVar</name>
         <uninitialized>true</uninitialized>
         <run_address>0xd02</run_address>
         <size>0x2</size>
         <input_file_ref idref="fl-7"/>
      </object_component>
      <object_component id="oc-5a">
         <name>FlashScalingVar</name>
         <uninitialized>true</uninitialized>
         <run_address>0xd04</run_address>
         <size>0x2</size>
         <input_file_ref idref="fl-7"/>
      </object_component>
      <object_component id="oc-5d">
         <name>DevEmuRegsFile</name>
         <uninitialized>true</uninitialized>
         <run_address>0x880</run_address>
         <size>0x4</size>
         <input_file_ref idref="fl-7"/>
      </object_component>
      <object_component id="oc-5c">
         <name>SysPwrCtrlRegsFile</name>
         <uninitialized>true</uninitialized>
         <run_address>0x985</run_address>
         <size>0x3</size>
         <input_file_ref idref="fl-7"/>
      </object_component>
      <object_component id="oc-5e">
         <name>FlashRegsFile</name>
         <uninitialized>true</uninitialized>
         <run_address>0xa80</run_address>
         <size>0x8</size>
         <input_file_ref idref="fl-7"/>
      </object_component>
      <object_component id="oc-67">
         <name>CsmRegsFile</name>
         <uninitialized>true</uninitialized>
         <run_address>0xae0</run_address>
         <size>0x10</size>
         <input_file_ref idref="fl-7"/>
      </object_component>
      <object_component id="oc-6f">
         <name>AdcResultFile</name>
         <uninitialized>true</uninitialized>
         <run_address>0xb00</run_address>
         <size>0x20</size>
         <input_file_ref idref="fl-7"/>
      </object_component>
      <object_component id="oc-5f">
         <name>CpuTimer0RegsFile</name>
         <uninitialized>true</uninitialized>
         <run_address>0xc00</run_address>
         <size>0x8</size>
         <input_file_ref idref="fl-7"/>
      </object_component>
      <object_component id="oc-60">
         <name>CpuTimer1RegsFile</name>
         <uninitialized>true</uninitialized>
         <run_address>0xc08</run_address>
         <size>0x8</size>
         <input_file_ref idref="fl-7"/>
      </object_component>
      <object_component id="oc-61">
         <name>CpuTimer2RegsFile</name>
         <uninitialized>true</uninitialized>
         <run_address>0xc10</run_address>
         <size>0x8</size>
         <input_file_ref idref="fl-7"/>
      </object_component>
      <object_component id="oc-6b">
         <name>PieCtrlRegsFile</name>
         <uninitialized>true</uninitialized>
         <run_address>0xce0</run_address>
         <size>0x1a</size>
         <input_file_ref idref="fl-7"/>
      </object_component>
      <object_component id="oc-6e">
         <name>ECap1RegsFile</name>
         <uninitialized>true</uninitialized>
         <run_address>0x6a00</run_address>
         <size>0x20</size>
         <input_file_ref idref="fl-7"/>
      </object_component>
      <object_component id="oc-75">
         <name>GpioCtrlRegsFile</name>
         <uninitialized>true</uninitialized>
         <run_address>0x6f80</run_address>
         <size>0x40</size>
         <input_file_ref idref="fl-7"/>
      </object_component>
      <object_component id="oc-6d">
         <name>GpioDataRegsFile</name>
         <uninitialized>true</uninitialized>
         <run_address>0x6fc0</run_address>
         <size>0x20</size>
         <input_file_ref idref="fl-7"/>
      </object_component>
      <object_component id="oc-63">
         <name>GpioIntRegsFile</name>
         <uninitialized>true</uninitialized>
         <run_address>0x6fe0</run_address>
         <size>0xa</size>
         <input_file_ref idref="fl-7"/>
      </object_component>
      <object_component id="oc-6c">
         <name>SysCtrlRegsFile</name>
         <uninitialized>true</uninitialized>
         <run_address>0x7010</run_address>
         <size>0x1f</size>
         <input_file_ref idref="fl-7"/>
      </object_component>
      <object_component id="oc-64">
         <name>SpiaRegsFile</name>
         <uninitialized>true</uninitialized>
         <run_address>0x7040</run_address>
         <size>0x10</size>
         <input_file_ref idref="fl-7"/>
      </object_component>
      <object_component id="oc-65">
         <name>SciaRegsFile</name>
         <uninitialized>true</uninitialized>
         <run_address>0x7050</run_address>
         <size>0x10</size>
         <input_file_ref idref="fl-7"/>
      </object_component>
      <object_component id="oc-66">
         <name>NmiIntruptRegsFile</name>
         <uninitialized>true</uninitialized>
         <run_address>0x7060</run_address>
         <size>0x10</size>
         <input_file_ref idref="fl-7"/>
      </object_component>
      <object_component id="oc-68">
         <name>XIntruptRegsFile</name>
         <uninitialized>true</uninitialized>
         <run_address>0x7070</run_address>
         <size>0x10</size>
         <input_file_ref idref="fl-7"/>
      </object_component>
      <object_component id="oc-76">
         <name>AdcRegsFile</name>
         <uninitialized>true</uninitialized>
         <run_address>0x7100</run_address>
         <size>0x51</size>
         <input_file_ref idref="fl-7"/>
      </object_component>
      <object_component id="oc-70">
         <name>I2caRegsFile</name>
         <uninitialized>true</uninitialized>
         <run_address>0x7900</run_address>
         <size>0x22</size>
         <input_file_ref idref="fl-7"/>
      </object_component>
      <object_component id="oc-6a">
         <name>Comp1RegsFile</name>
         <uninitialized>true</uninitialized>
         <run_address>0x6400</run_address>
         <size>0x11</size>
         <input_file_ref idref="fl-7"/>
      </object_component>
      <object_component id="oc-69">
         <name>Comp2RegsFile</name>
         <uninitialized>true</uninitialized>
         <run_address>0x6420</run_address>
         <size>0x11</size>
         <input_file_ref idref="fl-7"/>
      </object_component>
      <object_component id="oc-74">
         <name>EPwm1RegsFile</name>
         <uninitialized>true</uninitialized>
         <run_address>0x6800</run_address>
         <size>0x40</size>
         <input_file_ref idref="fl-7"/>
      </object_component>
      <object_component id="oc-72">
         <name>EPwm2RegsFile</name>
         <uninitialized>true</uninitialized>
         <run_address>0x6840</run_address>
         <size>0x40</size>
         <input_file_ref idref="fl-7"/>
      </object_component>
      <object_component id="oc-71">
         <name>EPwm3RegsFile</name>
         <uninitialized>true</uninitialized>
         <run_address>0x6880</run_address>
         <size>0x40</size>
         <input_file_ref idref="fl-7"/>
      </object_component>
      <object_component id="oc-73">
         <name>EPwm4RegsFile</name>
         <uninitialized>true</uninitialized>
         <run_address>0x68c0</run_address>
         <size>0x40</size>
         <input_file_ref idref="fl-7"/>
      </object_component>
      <object_component id="oc-62">
         <name>CsmPwlFile</name>
         <uninitialized>true</uninitialized>
         <run_address>0x3f7ff8</run_address>
         <size>0x8</size>
         <input_file_ref idref="fl-7"/>
      </object_component>
      <object_component id="oc-58">
         <name>PartIdRegsFile</name>
         <uninitialized>true</uninitialized>
         <run_address>0x3d7fff</run_address>
         <size>0x1</size>
         <input_file_ref idref="fl-7"/>
      </object_component>
      <object_component id="oc-39">
         <name>.debug_info</name>
         <load_address>0x0</load_address>
         <run_address>0x0</run_address>
         <size>0x27de</size>
         <input_file_ref idref="fl-2"/>
      </object_component>
      <object_component id="oc-3e">
         <name>.debug_info</name>
         <load_address>0x27de</load_address>
         <run_address>0x27de</run_address>
         <size>0x3d3</size>
         <input_file_ref idref="fl-3"/>
      </object_component>
      <object_component id="oc-44">
         <name>.debug_info</name>
         <load_address>0x2bb1</load_address>
         <run_address>0x2bb1</run_address>
         <size>0x319e</size>
         <input_file_ref idref="fl-4"/>
      </object_component>
      <object_component id="oc-4c">
         <name>.debug_info</name>
         <load_address>0x5d4f</load_address>
         <run_address>0x5d4f</run_address>
         <size>0x16f</size>
         <input_file_ref idref="fl-5"/>
      </object_component>
      <object_component id="oc-50">
         <name>.debug_info</name>
         <load_address>0x5ebe</load_address>
         <run_address>0x5ebe</run_address>
         <size>0x34a0</size>
         <input_file_ref idref="fl-6"/>
      </object_component>
      <object_component id="oc-56">
         <name>.debug_info</name>
         <load_address>0x935e</load_address>
         <run_address>0x935e</run_address>
         <size>0xb05e</size>
         <input_file_ref idref="fl-7"/>
      </object_component>
      <object_component id="oc-79">
         <name>.debug_info</name>
         <load_address>0x143bc</load_address>
         <run_address>0x143bc</run_address>
         <size>0xafd</size>
         <input_file_ref idref="fl-8"/>
      </object_component>
      <object_component id="oc-7e">
         <name>.debug_info</name>
         <load_address>0x14eb9</load_address>
         <run_address>0x14eb9</run_address>
         <size>0x1ed1</size>
         <input_file_ref idref="fl-9"/>
      </object_component>
      <object_component id="oc-83">
         <name>.debug_info</name>
         <load_address>0x16d8a</load_address>
         <run_address>0x16d8a</run_address>
         <size>0x2f5f</size>
         <input_file_ref idref="fl-a"/>
      </object_component>
      <object_component id="oc-8a">
         <name>.debug_info</name>
         <load_address>0x19ce9</load_address>
         <run_address>0x19ce9</run_address>
         <size>0x16b</size>
         <input_file_ref idref="fl-1d"/>
      </object_component>
      <object_component id="oc-8e">
         <name>.debug_info</name>
         <load_address>0x19e54</load_address>
         <run_address>0x19e54</run_address>
         <size>0x50f</size>
         <input_file_ref idref="fl-1e"/>
      </object_component>
      <object_component id="oc-93">
         <name>.debug_info</name>
         <load_address>0x1a363</load_address>
         <run_address>0x1a363</run_address>
         <size>0x4f9</size>
         <input_file_ref idref="fl-1f"/>
      </object_component>
      <object_component id="oc-9a">
         <name>.debug_info</name>
         <load_address>0x1a85c</load_address>
         <run_address>0x1a85c</run_address>
         <size>0x3bd</size>
         <input_file_ref idref="fl-20"/>
      </object_component>
      <object_component id="oc-9f">
         <name>.debug_info</name>
         <load_address>0x1ac19</load_address>
         <run_address>0x1ac19</run_address>
         <size>0x330</size>
         <input_file_ref idref="fl-21"/>
      </object_component>
      <object_component id="oc-a4">
         <name>.debug_info</name>
         <load_address>0x1af49</load_address>
         <run_address>0x1af49</run_address>
         <size>0x32d</size>
         <input_file_ref idref="fl-22"/>
      </object_component>
      <object_component id="oc-a9">
         <name>.debug_info</name>
         <load_address>0x1b276</load_address>
         <run_address>0x1b276</run_address>
         <size>0x44f</size>
         <input_file_ref idref="fl-23"/>
      </object_component>
      <object_component id="oc-ae">
         <name>.debug_info</name>
         <load_address>0x1b6c5</load_address>
         <run_address>0x1b6c5</run_address>
         <size>0x41c</size>
         <input_file_ref idref="fl-24"/>
      </object_component>
      <object_component id="oc-106">
         <name>.debug_info</name>
         <load_address>0x1bae1</load_address>
         <run_address>0x1bae1</run_address>
         <size>0xca</size>
      </object_component>
      <object_component id="oc-3a">
         <name>.debug_frame</name>
         <load_address>0x0</load_address>
         <run_address>0x0</run_address>
         <size>0xbc</size>
         <input_file_ref idref="fl-2"/>
      </object_component>
      <object_component id="oc-40">
         <name>.debug_frame</name>
         <load_address>0xbc</load_address>
         <run_address>0xbc</run_address>
         <size>0x38</size>
         <input_file_ref idref="fl-3"/>
      </object_component>
      <object_component id="oc-46">
         <name>.debug_frame</name>
         <load_address>0xf4</load_address>
         <run_address>0xf4</run_address>
         <size>0x9c</size>
         <input_file_ref idref="fl-4"/>
      </object_component>
      <object_component id="oc-52">
         <name>.debug_frame</name>
         <load_address>0x190</load_address>
         <run_address>0x190</run_address>
         <size>0x4ec</size>
         <input_file_ref idref="fl-6"/>
      </object_component>
      <object_component id="oc-7a">
         <name>.debug_frame</name>
         <load_address>0x67c</load_address>
         <run_address>0x67c</run_address>
         <size>0x50</size>
         <input_file_ref idref="fl-8"/>
      </object_component>
      <object_component id="oc-7f">
         <name>.debug_frame</name>
         <load_address>0x6cc</load_address>
         <run_address>0x6cc</run_address>
         <size>0x3c</size>
         <input_file_ref idref="fl-9"/>
      </object_component>
      <object_component id="oc-84">
         <name>.debug_frame</name>
         <load_address>0x708</load_address>
         <run_address>0x708</run_address>
         <size>0x118</size>
         <input_file_ref idref="fl-a"/>
      </object_component>
      <object_component id="oc-8f">
         <name>.debug_frame</name>
         <load_address>0x820</load_address>
         <run_address>0x820</run_address>
         <size>0x58</size>
         <input_file_ref idref="fl-1e"/>
      </object_component>
      <object_component id="oc-96">
         <name>.debug_frame</name>
         <load_address>0x878</load_address>
         <run_address>0x878</run_address>
         <size>0x58</size>
         <input_file_ref idref="fl-1f"/>
      </object_component>
      <object_component id="oc-9b">
         <name>.debug_frame</name>
         <load_address>0x8d0</load_address>
         <run_address>0x8d0</run_address>
         <size>0x38</size>
         <input_file_ref idref="fl-20"/>
      </object_component>
      <object_component id="oc-a0">
         <name>.debug_frame</name>
         <load_address>0x908</load_address>
         <run_address>0x908</run_address>
         <size>0x38</size>
         <input_file_ref idref="fl-21"/>
      </object_component>
      <object_component id="oc-a5">
         <name>.debug_frame</name>
         <load_address>0x940</load_address>
         <run_address>0x940</run_address>
         <size>0x38</size>
         <input_file_ref idref="fl-22"/>
      </object_component>
      <object_component id="oc-aa">
         <name>.debug_frame</name>
         <load_address>0x978</load_address>
         <run_address>0x978</run_address>
         <size>0x68</size>
         <input_file_ref idref="fl-23"/>
      </object_component>
      <object_component id="oc-af">
         <name>.debug_frame</name>
         <load_address>0x9e0</load_address>
         <run_address>0x9e0</run_address>
         <size>0x38</size>
         <input_file_ref idref="fl-24"/>
      </object_component>
      <object_component id="oc-3b">
         <name>.debug_line</name>
         <load_address>0x0</load_address>
         <run_address>0x0</run_address>
         <size>0xe2</size>
         <input_file_ref idref="fl-2"/>
      </object_component>
      <object_component id="oc-41">
         <name>.debug_line</name>
         <load_address>0xe2</load_address>
         <run_address>0xe2</run_address>
         <size>0x4c</size>
         <input_file_ref idref="fl-3"/>
      </object_component>
      <object_component id="oc-47">
         <name>.debug_line</name>
         <load_address>0x12e</load_address>
         <run_address>0x12e</run_address>
         <size>0xce</size>
         <input_file_ref idref="fl-4"/>
      </object_component>
      <object_component id="oc-4d">
         <name>.debug_line</name>
         <load_address>0x1fc</load_address>
         <run_address>0x1fc</run_address>
         <size>0x6e</size>
         <input_file_ref idref="fl-5"/>
      </object_component>
      <object_component id="oc-53">
         <name>.debug_line</name>
         <load_address>0x26a</load_address>
         <run_address>0x26a</run_address>
         <size>0x4e1</size>
         <input_file_ref idref="fl-6"/>
      </object_component>
      <object_component id="oc-7b">
         <name>.debug_line</name>
         <load_address>0x74b</load_address>
         <run_address>0x74b</run_address>
         <size>0x8d</size>
         <input_file_ref idref="fl-8"/>
      </object_component>
      <object_component id="oc-80">
         <name>.debug_line</name>
         <load_address>0x7d8</load_address>
         <run_address>0x7d8</run_address>
         <size>0x77</size>
         <input_file_ref idref="fl-9"/>
      </object_component>
      <object_component id="oc-85">
         <name>.debug_line</name>
         <load_address>0x84f</load_address>
         <run_address>0x84f</run_address>
         <size>0x1ca</size>
         <input_file_ref idref="fl-a"/>
      </object_component>
      <object_component id="oc-8b">
         <name>.debug_line</name>
         <load_address>0xa19</load_address>
         <run_address>0xa19</run_address>
         <size>0x7d</size>
         <input_file_ref idref="fl-1d"/>
      </object_component>
      <object_component id="oc-90">
         <name>.debug_line</name>
         <load_address>0xa96</load_address>
         <run_address>0xa96</run_address>
         <size>0x50</size>
         <input_file_ref idref="fl-1e"/>
      </object_component>
      <object_component id="oc-97">
         <name>.debug_line</name>
         <load_address>0xae6</load_address>
         <run_address>0xae6</run_address>
         <size>0x65</size>
         <input_file_ref idref="fl-1f"/>
      </object_component>
      <object_component id="oc-9c">
         <name>.debug_line</name>
         <load_address>0xb4b</load_address>
         <run_address>0xb4b</run_address>
         <size>0x62</size>
         <input_file_ref idref="fl-20"/>
      </object_component>
      <object_component id="oc-a1">
         <name>.debug_line</name>
         <load_address>0xbad</load_address>
         <run_address>0xbad</run_address>
         <size>0x3e</size>
         <input_file_ref idref="fl-21"/>
      </object_component>
      <object_component id="oc-a6">
         <name>.debug_line</name>
         <load_address>0xbeb</load_address>
         <run_address>0xbeb</run_address>
         <size>0x3a</size>
         <input_file_ref idref="fl-22"/>
      </object_component>
      <object_component id="oc-ab">
         <name>.debug_line</name>
         <load_address>0xc25</load_address>
         <run_address>0xc25</run_address>
         <size>0x5e</size>
         <input_file_ref idref="fl-23"/>
      </object_component>
      <object_component id="oc-b0">
         <name>.debug_line</name>
         <load_address>0xc83</load_address>
         <run_address>0xc83</run_address>
         <size>0x55</size>
         <input_file_ref idref="fl-24"/>
      </object_component>
      <object_component id="oc-3c">
         <name>.debug_abbrev</name>
         <load_address>0x0</load_address>
         <run_address>0x0</run_address>
         <size>0x10f</size>
         <input_file_ref idref="fl-2"/>
      </object_component>
      <object_component id="oc-42">
         <name>.debug_abbrev</name>
         <load_address>0x10f</load_address>
         <run_address>0x10f</run_address>
         <size>0x93</size>
         <input_file_ref idref="fl-3"/>
      </object_component>
      <object_component id="oc-48">
         <name>.debug_abbrev</name>
         <load_address>0x1a2</load_address>
         <run_address>0x1a2</run_address>
         <size>0x170</size>
         <input_file_ref idref="fl-4"/>
      </object_component>
      <object_component id="oc-4e">
         <name>.debug_abbrev</name>
         <load_address>0x312</load_address>
         <run_address>0x312</run_address>
         <size>0x21</size>
         <input_file_ref idref="fl-5"/>
      </object_component>
      <object_component id="oc-54">
         <name>.debug_abbrev</name>
         <load_address>0x333</load_address>
         <run_address>0x333</run_address>
         <size>0x165</size>
         <input_file_ref idref="fl-6"/>
      </object_component>
      <object_component id="oc-78">
         <name>.debug_abbrev</name>
         <load_address>0x498</load_address>
         <run_address>0x498</run_address>
         <size>0xb7</size>
         <input_file_ref idref="fl-7"/>
      </object_component>
      <object_component id="oc-7c">
         <name>.debug_abbrev</name>
         <load_address>0x54f</load_address>
         <run_address>0x54f</run_address>
         <size>0xc8</size>
         <input_file_ref idref="fl-8"/>
      </object_component>
      <object_component id="oc-81">
         <name>.debug_abbrev</name>
         <load_address>0x617</load_address>
         <run_address>0x617</run_address>
         <size>0x116</size>
         <input_file_ref idref="fl-9"/>
      </object_component>
      <object_component id="oc-86">
         <name>.debug_abbrev</name>
         <load_address>0x72d</load_address>
         <run_address>0x72d</run_address>
         <size>0x18c</size>
         <input_file_ref idref="fl-a"/>
      </object_component>
      <object_component id="oc-8c">
         <name>.debug_abbrev</name>
         <load_address>0x8b9</load_address>
         <run_address>0x8b9</run_address>
         <size>0x46</size>
         <input_file_ref idref="fl-1d"/>
      </object_component>
      <object_component id="oc-91">
         <name>.debug_abbrev</name>
         <load_address>0x8ff</load_address>
         <run_address>0x8ff</run_address>
         <size>0xfc</size>
         <input_file_ref idref="fl-1e"/>
      </object_component>
      <object_component id="oc-98">
         <name>.debug_abbrev</name>
         <load_address>0x9fb</load_address>
         <run_address>0x9fb</run_address>
         <size>0x142</size>
         <input_file_ref idref="fl-1f"/>
      </object_component>
      <object_component id="oc-9d">
         <name>.debug_abbrev</name>
         <load_address>0xb3d</load_address>
         <run_address>0xb3d</run_address>
         <size>0xa8</size>
         <input_file_ref idref="fl-20"/>
      </object_component>
      <object_component id="oc-a2">
         <name>.debug_abbrev</name>
         <load_address>0xbe5</load_address>
         <run_address>0xbe5</run_address>
         <size>0x68</size>
         <input_file_ref idref="fl-21"/>
      </object_component>
      <object_component id="oc-a7">
         <name>.debug_abbrev</name>
         <load_address>0xc4d</load_address>
         <run_address>0xc4d</run_address>
         <size>0x66</size>
         <input_file_ref idref="fl-22"/>
      </object_component>
      <object_component id="oc-ac">
         <name>.debug_abbrev</name>
         <load_address>0xcb3</load_address>
         <run_address>0xcb3</run_address>
         <size>0xb2</size>
         <input_file_ref idref="fl-23"/>
      </object_component>
      <object_component id="oc-b1">
         <name>.debug_abbrev</name>
         <load_address>0xd65</load_address>
         <run_address>0xd65</run_address>
         <size>0xfe</size>
         <input_file_ref idref="fl-24"/>
      </object_component>
      <object_component id="oc-107">
         <name>.debug_abbrev</name>
         <load_address>0xe63</load_address>
         <run_address>0xe63</run_address>
         <size>0xf</size>
      </object_component>
      <object_component id="oc-3d">
         <name>.debug_aranges</name>
         <load_address>0x0</load_address>
         <run_address>0x0</run_address>
         <size>0x48</size>
         <input_file_ref idref="fl-2"/>
      </object_component>
      <object_component id="oc-43">
         <name>.debug_aranges</name>
         <load_address>0x48</load_address>
         <run_address>0x48</run_address>
         <size>0x20</size>
         <input_file_ref idref="fl-3"/>
      </object_component>
      <object_component id="oc-49">
         <name>.debug_aranges</name>
         <load_address>0x68</load_address>
         <run_address>0x68</run_address>
         <size>0x40</size>
         <input_file_ref idref="fl-4"/>
      </object_component>
      <object_component id="oc-4f">
         <name>.debug_aranges</name>
         <load_address>0xa8</load_address>
         <run_address>0xa8</run_address>
         <size>0x28</size>
         <input_file_ref idref="fl-5"/>
      </object_component>
      <object_component id="oc-55">
         <name>.debug_aranges</name>
         <load_address>0xd0</load_address>
         <run_address>0xd0</run_address>
         <size>0x1b0</size>
         <input_file_ref idref="fl-6"/>
      </object_component>
      <object_component id="oc-7d">
         <name>.debug_aranges</name>
         <load_address>0x280</load_address>
         <run_address>0x280</run_address>
         <size>0x28</size>
         <input_file_ref idref="fl-8"/>
      </object_component>
      <object_component id="oc-82">
         <name>.debug_aranges</name>
         <load_address>0x2a8</load_address>
         <run_address>0x2a8</run_address>
         <size>0x20</size>
         <input_file_ref idref="fl-9"/>
      </object_component>
      <object_component id="oc-87">
         <name>.debug_aranges</name>
         <load_address>0x2c8</load_address>
         <run_address>0x2c8</run_address>
         <size>0x68</size>
         <input_file_ref idref="fl-a"/>
      </object_component>
      <object_component id="oc-8d">
         <name>.debug_aranges</name>
         <load_address>0x330</load_address>
         <run_address>0x330</run_address>
         <size>0x20</size>
         <input_file_ref idref="fl-1d"/>
      </object_component>
      <object_component id="oc-92">
         <name>.debug_aranges</name>
         <load_address>0x350</load_address>
         <run_address>0x350</run_address>
         <size>0x20</size>
         <input_file_ref idref="fl-1e"/>
      </object_component>
      <object_component id="oc-99">
         <name>.debug_aranges</name>
         <load_address>0x370</load_address>
         <run_address>0x370</run_address>
         <size>0x28</size>
         <input_file_ref idref="fl-1f"/>
      </object_component>
      <object_component id="oc-9e">
         <name>.debug_aranges</name>
         <load_address>0x398</load_address>
         <run_address>0x398</run_address>
         <size>0x20</size>
         <input_file_ref idref="fl-20"/>
      </object_component>
      <object_component id="oc-a3">
         <name>.debug_aranges</name>
         <load_address>0x3b8</load_address>
         <run_address>0x3b8</run_address>
         <size>0x20</size>
         <input_file_ref idref="fl-21"/>
      </object_component>
      <object_component id="oc-a8">
         <name>.debug_aranges</name>
         <load_address>0x3d8</load_address>
         <run_address>0x3d8</run_address>
         <size>0x20</size>
         <input_file_ref idref="fl-22"/>
      </object_component>
      <object_component id="oc-ad">
         <name>.debug_aranges</name>
         <load_address>0x3f8</load_address>
         <run_address>0x3f8</run_address>
         <size>0x30</size>
         <input_file_ref idref="fl-23"/>
      </object_component>
      <object_component id="oc-b2">
         <name>.debug_aranges</name>
         <load_address>0x428</load_address>
         <run_address>0x428</run_address>
         <size>0x20</size>
         <input_file_ref idref="fl-24"/>
      </object_component>
   </object_component_list>
   <logical_group_list>
      <logical_group id="lg-2" display="no" color="cyan">
         <name>.cinit</name>
         <load_address>0x3f6569</load_address>
         <run_address>0x3f6569</run_address>
         <size>0x1a</size>
         <contents>
            <object_component_ref idref="oc-94"/>
            <object_component_ref idref="oc-bb"/>
            <object_component_ref idref="oc-bf"/>
         </contents>
      </logical_group>
      <logical_group id="lg-3" display="no" color="cyan">
         <name>.pinit</name>
         <run_address>0x0</run_address>
         <size>0x0</size>
         <contents>
         </contents>
      </logical_group>
      <logical_group id="lg-105" display="no" color="cyan">
         <name>.text</name>
         <load_address>0x3f6111</load_address>
         <run_address>0x3f6111</run_address>
         <size>0x458</size>
         <contents>
            <object_component_ref idref="oc-c0"/>
            <object_component_ref idref="oc-51"/>
            <object_component_ref idref="oc-bc"/>
            <object_component_ref idref="oc-bd"/>
            <object_component_ref idref="oc-38"/>
            <object_component_ref idref="oc-b7"/>
            <object_component_ref idref="oc-c1"/>
            <object_component_ref idref="oc-c2"/>
            <object_component_ref idref="oc-b4"/>
            <object_component_ref idref="oc-b8"/>
            <object_component_ref idref="oc-b6"/>
            <object_component_ref idref="oc-45"/>
            <object_component_ref idref="oc-b9"/>
            <object_component_ref idref="oc-be"/>
            <object_component_ref idref="oc-4a"/>
            <object_component_ref idref="oc-b3"/>
            <object_component_ref idref="oc-b5"/>
         </contents>
      </logical_group>
      <split_section id="lg-4" display="no" color="cyan">
         <name>.text</name>
         <contents>
            <logical_group_ref idref="lg-105"/>
         </contents>
      </split_section>
      <logical_group id="lg-5" display="no" color="cyan">
         <name>codestart</name>
         <load_address>0x3f7ff6</load_address>
         <run_address>0x3f7ff6</run_address>
         <size>0x2</size>
         <contents>
            <object_component_ref idref="oc-4b"/>
         </contents>
      </logical_group>
      <logical_group id="lg-6" display="no" color="cyan">
         <name>ramfuncs</name>
         <run_address>0x8000</run_address>
         <size>0x0</size>
         <contents>
         </contents>
      </logical_group>
      <logical_group id="lg-7" display="no" color="cyan">
         <name>csmpasswds</name>
         <run_address>0x0</run_address>
         <size>0x0</size>
         <contents>
         </contents>
      </logical_group>
      <logical_group id="lg-8" display="no" color="cyan">
         <name>csm_rsvd</name>
         <run_address>0x0</run_address>
         <size>0x0</size>
         <contents>
         </contents>
      </logical_group>
      <logical_group id="lg-9" display="no" color="cyan">
         <name>.stack</name>
         <run_address>0x50</run_address>
         <size>0x300</size>
         <contents>
            <object_component_ref idref="oc-88"/>
            <object_component_ref idref="oc-104"/>
         </contents>
      </logical_group>
      <logical_group id="lg-a" display="no" color="cyan">
         <name>.ebss</name>
         <run_address>0x8800</run_address>
         <size>0xa</size>
         <contents>
            <object_component_ref idref="oc-95"/>
            <object_component_ref idref="oc-c3"/>
            <object_component_ref idref="oc-ba"/>
         </contents>
      </logical_group>
      <logical_group id="lg-b" display="no" color="cyan">
         <name>.esysmem</name>
         <run_address>0x0</run_address>
         <size>0x0</size>
         <contents>
         </contents>
      </logical_group>
      <logical_group id="lg-c" display="no" color="cyan">
         <name>.sysmem</name>
         <run_address>0x0</run_address>
         <size>0x0</size>
         <contents>
         </contents>
      </logical_group>
      <logical_group id="lg-d" display="no" color="cyan">
         <name>.cio</name>
         <run_address>0x0</run_address>
         <size>0x0</size>
         <contents>
         </contents>
      </logical_group>
      <logical_group id="lg-e" display="no" color="cyan">
         <name>.econst</name>
         <load_address>0x3f6000</load_address>
         <run_address>0x3f6000</run_address>
         <size>0x111</size>
         <contents>
            <object_component_ref idref="oc-c4"/>
            <object_component_ref idref="oc-3f"/>
         </contents>
      </logical_group>
      <logical_group id="lg-f" display="no" color="cyan">
         <name>.switch</name>
         <run_address>0x0</run_address>
         <size>0x0</size>
         <contents>
         </contents>
      </logical_group>
      <logical_group id="lg-10" display="no" color="cyan">
         <name>IQmath</name>
         <run_address>0x0</run_address>
         <size>0x0</size>
         <contents>
         </contents>
      </logical_group>
      <logical_group id="lg-11" display="no" color="cyan">
         <name>IQmathTables</name>
         <run_address>0x0</run_address>
         <size>0x0</size>
         <contents>
         </contents>
      </logical_group>
      <logical_group id="lg-12" display="no" color="cyan">
         <name>.reset</name>
         <load_address>0x3fffc0</load_address>
         <run_address>0x3fffc0</run_address>
         <size>0x2</size>
         <contents>
            <object_component_ref idref="oc-89"/>
         </contents>
      </logical_group>
      <logical_group id="lg-13" display="no" color="cyan">
         <name>vectors</name>
         <run_address>0x3fffc2</run_address>
         <size>0x0</size>
         <contents>
         </contents>
      </logical_group>
      <logical_group id="lg-15" display="no" color="cyan">
         <name>PieVectTableFile</name>
         <run_address>0xd00</run_address>
         <size>0x100</size>
         <contents>
            <object_component_ref idref="oc-77"/>
         </contents>
      </logical_group>
      <logical_group id="lg-17" display="no" color="cyan">
         <name>EmuKeyVar</name>
         <run_address>0xd00</run_address>
         <size>0x1</size>
         <contents>
            <object_component_ref idref="oc-57"/>
         </contents>
      </logical_group>
      <logical_group id="lg-18" display="no" color="cyan">
         <name>EmuBModeVar</name>
         <run_address>0xd01</run_address>
         <size>0x1</size>
         <contents>
            <object_component_ref idref="oc-59"/>
         </contents>
      </logical_group>
      <logical_group id="lg-19" display="no" color="cyan">
         <name>FlashCallbackVar</name>
         <run_address>0xd02</run_address>
         <size>0x2</size>
         <contents>
            <object_component_ref idref="oc-5b"/>
         </contents>
      </logical_group>
      <logical_group id="lg-1a" display="no" color="cyan">
         <name>FlashScalingVar</name>
         <run_address>0xd04</run_address>
         <size>0x2</size>
         <contents>
            <object_component_ref idref="oc-5a"/>
         </contents>
      </logical_group>
      <logical_group id="lg-16" display="no" color="cyan">
         <name>GROUP_2</name>
         <run_address>0xd00</run_address>
         <size>0x6</size>
         <contents>
            <logical_group_ref idref="lg-17"/>
            <logical_group_ref idref="lg-18"/>
            <logical_group_ref idref="lg-19"/>
            <logical_group_ref idref="lg-1a"/>
         </contents>
      </logical_group>
      <overlay id="lg-14" display="no" color="cyan">
         <name>UNION_1</name>
         <run_address>0xd00</run_address>
         <size>0x100</size>
         <contents>
            <logical_group_ref idref="lg-15"/>
            <logical_group_ref idref="lg-16"/>
         </contents>
      </overlay>
      <logical_group id="lg-1b" display="no" color="cyan">
         <name>DevEmuRegsFile</name>
         <run_address>0x880</run_address>
         <size>0x4</size>
         <contents>
            <object_component_ref idref="oc-5d"/>
         </contents>
      </logical_group>
      <logical_group id="lg-1c" display="no" color="cyan">
         <name>SysPwrCtrlRegsFile</name>
         <run_address>0x985</run_address>
         <size>0x3</size>
         <contents>
            <object_component_ref idref="oc-5c"/>
         </contents>
      </logical_group>
      <logical_group id="lg-1d" display="no" color="cyan">
         <name>FlashRegsFile</name>
         <run_address>0xa80</run_address>
         <size>0x8</size>
         <contents>
            <object_component_ref idref="oc-5e"/>
         </contents>
      </logical_group>
      <logical_group id="lg-1e" display="no" color="cyan">
         <name>CsmRegsFile</name>
         <run_address>0xae0</run_address>
         <size>0x10</size>
         <contents>
            <object_component_ref idref="oc-67"/>
         </contents>
      </logical_group>
      <logical_group id="lg-1f" display="no" color="cyan">
         <name>AdcResultFile</name>
         <run_address>0xb00</run_address>
         <size>0x20</size>
         <contents>
            <object_component_ref idref="oc-6f"/>
         </contents>
      </logical_group>
      <logical_group id="lg-20" display="no" color="cyan">
         <name>CpuTimer0RegsFile</name>
         <run_address>0xc00</run_address>
         <size>0x8</size>
         <contents>
            <object_component_ref idref="oc-5f"/>
         </contents>
      </logical_group>
      <logical_group id="lg-21" display="no" color="cyan">
         <name>CpuTimer1RegsFile</name>
         <run_address>0xc08</run_address>
         <size>0x8</size>
         <contents>
            <object_component_ref idref="oc-60"/>
         </contents>
      </logical_group>
      <logical_group id="lg-22" display="no" color="cyan">
         <name>CpuTimer2RegsFile</name>
         <run_address>0xc10</run_address>
         <size>0x8</size>
         <contents>
            <object_component_ref idref="oc-61"/>
         </contents>
      </logical_group>
      <logical_group id="lg-23" display="no" color="cyan">
         <name>PieCtrlRegsFile</name>
         <run_address>0xce0</run_address>
         <size>0x1a</size>
         <contents>
            <object_component_ref idref="oc-6b"/>
         </contents>
      </logical_group>
      <logical_group id="lg-24" display="no" color="cyan">
         <name>ECap1RegsFile</name>
         <run_address>0x6a00</run_address>
         <size>0x20</size>
         <contents>
            <object_component_ref idref="oc-6e"/>
         </contents>
      </logical_group>
      <logical_group id="lg-25" display="no" color="cyan">
         <name>GpioCtrlRegsFile</name>
         <run_address>0x6f80</run_address>
         <size>0x40</size>
         <contents>
            <object_component_ref idref="oc-75"/>
         </contents>
      </logical_group>
      <logical_group id="lg-26" display="no" color="cyan">
         <name>GpioDataRegsFile</name>
         <run_address>0x6fc0</run_address>
         <size>0x20</size>
         <contents>
            <object_component_ref idref="oc-6d"/>
         </contents>
      </logical_group>
      <logical_group id="lg-27" display="no" color="cyan">
         <name>GpioIntRegsFile</name>
         <run_address>0x6fe0</run_address>
         <size>0xa</size>
         <contents>
            <object_component_ref idref="oc-63"/>
         </contents>
      </logical_group>
      <logical_group id="lg-28" display="no" color="cyan">
         <name>SysCtrlRegsFile</name>
         <run_address>0x7010</run_address>
         <size>0x1f</size>
         <contents>
            <object_component_ref idref="oc-6c"/>
         </contents>
      </logical_group>
      <logical_group id="lg-29" display="no" color="cyan">
         <name>SpiaRegsFile</name>
         <run_address>0x7040</run_address>
         <size>0x10</size>
         <contents>
            <object_component_ref idref="oc-64"/>
         </contents>
      </logical_group>
      <logical_group id="lg-2a" display="no" color="cyan">
         <name>SciaRegsFile</name>
         <run_address>0x7050</run_address>
         <size>0x10</size>
         <contents>
            <object_component_ref idref="oc-65"/>
         </contents>
      </logical_group>
      <logical_group id="lg-2b" display="no" color="cyan">
         <name>NmiIntruptRegsFile</name>
         <run_address>0x7060</run_address>
         <size>0x10</size>
         <contents>
            <object_component_ref idref="oc-66"/>
         </contents>
      </logical_group>
      <logical_group id="lg-2c" display="no" color="cyan">
         <name>XIntruptRegsFile</name>
         <run_address>0x7070</run_address>
         <size>0x10</size>
         <contents>
            <object_component_ref idref="oc-68"/>
         </contents>
      </logical_group>
      <logical_group id="lg-2d" display="no" color="cyan">
         <name>AdcRegsFile</name>
         <run_address>0x7100</run_address>
         <size>0x51</size>
         <contents>
            <object_component_ref idref="oc-76"/>
         </contents>
      </logical_group>
      <logical_group id="lg-2e" display="no" color="cyan">
         <name>I2caRegsFile</name>
         <run_address>0x7900</run_address>
         <size>0x22</size>
         <contents>
            <object_component_ref idref="oc-70"/>
         </contents>
      </logical_group>
      <logical_group id="lg-2f" display="no" color="cyan">
         <name>Comp1RegsFile</name>
         <run_address>0x6400</run_address>
         <size>0x11</size>
         <contents>
            <object_component_ref idref="oc-6a"/>
         </contents>
      </logical_group>
      <logical_group id="lg-30" display="no" color="cyan">
         <name>Comp2RegsFile</name>
         <run_address>0x6420</run_address>
         <size>0x11</size>
         <contents>
            <object_component_ref idref="oc-69"/>
         </contents>
      </logical_group>
      <logical_group id="lg-31" display="no" color="cyan">
         <name>EPwm1RegsFile</name>
         <run_address>0x6800</run_address>
         <size>0x40</size>
         <contents>
            <object_component_ref idref="oc-74"/>
         </contents>
      </logical_group>
      <logical_group id="lg-32" display="no" color="cyan">
         <name>EPwm2RegsFile</name>
         <run_address>0x6840</run_address>
         <size>0x40</size>
         <contents>
            <object_component_ref idref="oc-72"/>
         </contents>
      </logical_group>
      <logical_group id="lg-33" display="no" color="cyan">
         <name>EPwm3RegsFile</name>
         <run_address>0x6880</run_address>
         <size>0x40</size>
         <contents>
            <object_component_ref idref="oc-71"/>
         </contents>
      </logical_group>
      <logical_group id="lg-34" display="no" color="cyan">
         <name>EPwm4RegsFile</name>
         <run_address>0x68c0</run_address>
         <size>0x40</size>
         <contents>
            <object_component_ref idref="oc-73"/>
         </contents>
      </logical_group>
      <logical_group id="lg-35" display="no" color="cyan">
         <name>CsmPwlFile</name>
         <run_address>0x3f7ff8</run_address>
         <size>0x8</size>
         <contents>
            <object_component_ref idref="oc-62"/>
         </contents>
      </logical_group>
      <logical_group id="lg-36" display="no" color="cyan">
         <name>PartIdRegsFile</name>
         <run_address>0x3d7fff</run_address>
         <size>0x1</size>
         <contents>
            <object_component_ref idref="oc-58"/>
         </contents>
      </logical_group>
      <logical_group id="lg-f8" display="never" color="cyan">
         <name>.debug_info</name>
         <load_address>0x0</load_address>
         <run_address>0x0</run_address>
         <size>0x1bbab</size>
         <contents>
            <object_component_ref idref="oc-39"/>
            <object_component_ref idref="oc-3e"/>
            <object_component_ref idref="oc-44"/>
            <object_component_ref idref="oc-4c"/>
            <object_component_ref idref="oc-50"/>
            <object_component_ref idref="oc-56"/>
            <object_component_ref idref="oc-79"/>
            <object_component_ref idref="oc-7e"/>
            <object_component_ref idref="oc-83"/>
            <object_component_ref idref="oc-8a"/>
            <object_component_ref idref="oc-8e"/>
            <object_component_ref idref="oc-93"/>
            <object_component_ref idref="oc-9a"/>
            <object_component_ref idref="oc-9f"/>
            <object_component_ref idref="oc-a4"/>
            <object_component_ref idref="oc-a9"/>
            <object_component_ref idref="oc-ae"/>
            <object_component_ref idref="oc-106"/>
         </contents>
      </logical_group>
      <logical_group id="lg-fa" display="never" color="cyan">
         <name>.debug_frame</name>
         <load_address>0x0</load_address>
         <run_address>0x0</run_address>
         <size>0xa18</size>
         <contents>
            <object_component_ref idref="oc-3a"/>
            <object_component_ref idref="oc-40"/>
            <object_component_ref idref="oc-46"/>
            <object_component_ref idref="oc-52"/>
            <object_component_ref idref="oc-7a"/>
            <object_component_ref idref="oc-7f"/>
            <object_component_ref idref="oc-84"/>
            <object_component_ref idref="oc-8f"/>
            <object_component_ref idref="oc-96"/>
            <object_component_ref idref="oc-9b"/>
            <object_component_ref idref="oc-a0"/>
            <object_component_ref idref="oc-a5"/>
            <object_component_ref idref="oc-aa"/>
            <object_component_ref idref="oc-af"/>
         </contents>
      </logical_group>
      <logical_group id="lg-fc" display="never" color="cyan">
         <name>.debug_line</name>
         <load_address>0x0</load_address>
         <run_address>0x0</run_address>
         <size>0xcd8</size>
         <contents>
            <object_component_ref idref="oc-3b"/>
            <object_component_ref idref="oc-41"/>
            <object_component_ref idref="oc-47"/>
            <object_component_ref idref="oc-4d"/>
            <object_component_ref idref="oc-53"/>
            <object_component_ref idref="oc-7b"/>
            <object_component_ref idref="oc-80"/>
            <object_component_ref idref="oc-85"/>
            <object_component_ref idref="oc-8b"/>
            <object_component_ref idref="oc-90"/>
            <object_component_ref idref="oc-97"/>
            <object_component_ref idref="oc-9c"/>
            <object_component_ref idref="oc-a1"/>
            <object_component_ref idref="oc-a6"/>
            <object_component_ref idref="oc-ab"/>
            <object_component_ref idref="oc-b0"/>
         </contents>
      </logical_group>
      <logical_group id="lg-fe" display="never" color="cyan">
         <name>.debug_abbrev</name>
         <load_address>0x0</load_address>
         <run_address>0x0</run_address>
         <size>0xe72</size>
         <contents>
            <object_component_ref idref="oc-3c"/>
            <object_component_ref idref="oc-42"/>
            <object_component_ref idref="oc-48"/>
            <object_component_ref idref="oc-4e"/>
            <object_component_ref idref="oc-54"/>
            <object_component_ref idref="oc-78"/>
            <object_component_ref idref="oc-7c"/>
            <object_component_ref idref="oc-81"/>
            <object_component_ref idref="oc-86"/>
            <object_component_ref idref="oc-8c"/>
            <object_component_ref idref="oc-91"/>
            <object_component_ref idref="oc-98"/>
            <object_component_ref idref="oc-9d"/>
            <object_component_ref idref="oc-a2"/>
            <object_component_ref idref="oc-a7"/>
            <object_component_ref idref="oc-ac"/>
            <object_component_ref idref="oc-b1"/>
            <object_component_ref idref="oc-107"/>
         </contents>
      </logical_group>
      <logical_group id="lg-100" display="never" color="cyan">
         <name>.debug_aranges</name>
         <load_address>0x0</load_address>
         <run_address>0x0</run_address>
         <size>0x448</size>
         <contents>
            <object_component_ref idref="oc-3d"/>
            <object_component_ref idref="oc-43"/>
            <object_component_ref idref="oc-49"/>
            <object_component_ref idref="oc-4f"/>
            <object_component_ref idref="oc-55"/>
            <object_component_ref idref="oc-7d"/>
            <object_component_ref idref="oc-82"/>
            <object_component_ref idref="oc-87"/>
            <object_component_ref idref="oc-8d"/>
            <object_component_ref idref="oc-92"/>
            <object_component_ref idref="oc-99"/>
            <object_component_ref idref="oc-9e"/>
            <object_component_ref idref="oc-a3"/>
            <object_component_ref idref="oc-a8"/>
            <object_component_ref idref="oc-ad"/>
            <object_component_ref idref="oc-b2"/>
         </contents>
      </logical_group>
   </logical_group_list>
   <placement_map>
      <memory_area display="yes" color="green">
         <name>PRAML0</name>
         <page_id>0x0</page_id>
         <origin>0x8000</origin>
         <length>0x800</length>
         <used_space>0x0</used_space>
         <unused_space>0x800</unused_space>
         <attributes>RWIX</attributes>
         <usage_details>
            <allocated_space>
               <start_address>0x8000</start_address>
               <size>0x0</size>
               <logical_group_ref idref="lg-6"/>
            </allocated_space>
            <available_space>
               <start_address>0x8000</start_address>
               <size>0x800</size>
            </available_space>
         </usage_details>
      </memory_area>
      <memory_area display="yes" color="green">
         <name>OTP</name>
         <page_id>0x0</page_id>
         <origin>0x3d7800</origin>
         <length>0x400</length>
         <used_space>0x0</used_space>
         <unused_space>0x400</unused_space>
         <attributes>RWIX</attributes>
         <usage_details>
         </usage_details>
      </memory_area>
      <memory_area display="yes" color="green">
         <name>FLASHD</name>
         <page_id>0x0</page_id>
         <origin>0x3f0000</origin>
         <length>0x2000</length>
         <used_space>0x0</used_space>
         <unused_space>0x2000</unused_space>
         <attributes>RWIX</attributes>
         <usage_details>
         </usage_details>
      </memory_area>
      <memory_area display="yes" color="green">
         <name>FLASHC</name>
         <page_id>0x0</page_id>
         <origin>0x3f2000</origin>
         <length>0x2000</length>
         <used_space>0x0</used_space>
         <unused_space>0x2000</unused_space>
         <attributes>RWIX</attributes>
         <usage_details>
         </usage_details>
      </memory_area>
      <memory_area display="yes" color="green">
         <name>FLASHA</name>
         <page_id>0x0</page_id>
         <origin>0x3f6000</origin>
         <length>0x1f80</length>
         <used_space>0x583</used_space>
         <unused_space>0x19fd</unused_space>
         <attributes>RWIX</attributes>
         <usage_details>
            <allocated_space>
               <start_address>0x3f6000</start_address>
               <size>0x111</size>
               <logical_group_ref idref="lg-e"/>
            </allocated_space>
            <allocated_space>
               <start_address>0x3f6111</start_address>
               <size>0x458</size>
               <logical_group_ref idref="lg-105"/>
            </allocated_space>
            <allocated_space>
               <start_address>0x3f6569</start_address>
               <size>0x1a</size>
               <logical_group_ref idref="lg-2"/>
            </allocated_space>
            <available_space>
               <start_address>0x3f6583</start_address>
               <size>0x19fd</size>
            </available_space>
         </usage_details>
      </memory_area>
      <memory_area display="yes" color="green">
         <name>CSM_RSVD</name>
         <page_id>0x0</page_id>
         <origin>0x3f7f80</origin>
         <length>0x76</length>
         <used_space>0x0</used_space>
         <unused_space>0x76</unused_space>
         <attributes>RWIX</attributes>
         <usage_details>
         </usage_details>
      </memory_area>
      <memory_area display="no" color="green">
         <name>BEGIN</name>
         <page_id>0x0</page_id>
         <origin>0x3f7ff6</origin>
         <length>0x2</length>
         <used_space>0x2</used_space>
         <unused_space>0x0</unused_space>
         <attributes>RWIX</attributes>
         <usage_details>
            <allocated_space>
               <start_address>0x3f7ff6</start_address>
               <size>0x2</size>
               <logical_group_ref idref="lg-5"/>
            </allocated_space>
         </usage_details>
      </memory_area>
      <memory_area display="no" color="green">
         <name>CSM_PWL_P0</name>
         <page_id>0x0</page_id>
         <origin>0x3f7ff8</origin>
         <length>0x8</length>
         <used_space>0x0</used_space>
         <unused_space>0x8</unused_space>
         <attributes>RWIX</attributes>
         <usage_details>
         </usage_details>
      </memory_area>
      <memory_area display="yes" color="green">
         <name>IQTABLES</name>
         <page_id>0x0</page_id>
         <origin>0x3fe000</origin>
         <length>0xb50</length>
         <used_space>0x0</used_space>
         <unused_space>0xb50</unused_space>
         <attributes>RWIX</attributes>
         <usage_details>
         </usage_details>
      </memory_area>
      <memory_area display="yes" color="green">
         <name>IQTABLES2</name>
         <page_id>0x0</page_id>
         <origin>0x3feb50</origin>
         <length>0x8c</length>
         <used_space>0x0</used_space>
         <unused_space>0x8c</unused_space>
         <attributes>RWIX</attributes>
         <usage_details>
         </usage_details>
      </memory_area>
      <memory_area display="yes" color="green">
         <name>IQTABLES3</name>
         <page_id>0x0</page_id>
         <origin>0x3febdc</origin>
         <length>0xaa</length>
         <used_space>0x0</used_space>
         <unused_space>0xaa</unused_space>
         <attributes>RWIX</attributes>
         <usage_details>
         </usage_details>
      </memory_area>
      <memory_area display="yes" color="green">
         <name>ROM</name>
         <page_id>0x0</page_id>
         <origin>0x3ff27c</origin>
         <length>0xd44</length>
         <used_space>0x0</used_space>
         <unused_space>0xd44</unused_space>
         <attributes>RWIX</attributes>
         <usage_details>
         </usage_details>
      </memory_area>
      <memory_area display="no" color="green">
         <name>RESET</name>
         <page_id>0x0</page_id>
         <origin>0x3fffc0</origin>
         <length>0x2</length>
         <used_space>0x0</used_space>
         <unused_space>0x2</unused_space>
         <attributes>RWIX</attributes>
         <usage_details>
         </usage_details>
      </memory_area>
      <memory_area display="no" color="green">
         <name>VECTORS</name>
         <page_id>0x0</page_id>
         <origin>0x3fffc2</origin>
         <length>0x3e</length>
         <used_space>0x0</used_space>
         <unused_space>0x3e</unused_space>
         <attributes>RWIX</attributes>
         <usage_details>
         </usage_details>
      </memory_area>
      <memory_area display="no" color="green">
         <name>BOOT_RSVD</name>
         <page_id>0x1</page_id>
         <origin>0x0</origin>
         <length>0x50</length>
         <used_space>0x0</used_space>
         <unused_space>0x50</unused_space>
         <attributes>RWIX</attributes>
         <usage_details>
         </usage_details>
      </memory_area>
      <memory_area display="yes" color="green">
         <name>RAMM0</name>
         <page_id>0x1</page_id>
         <origin>0x50</origin>
         <length>0x3b0</length>
         <used_space>0x300</used_space>
         <unused_space>0xb0</unused_space>
         <attributes>RWIX</attributes>
         <usage_details>
            <allocated_space>
               <start_address>0x50</start_address>
               <size>0x300</size>
               <logical_group_ref idref="lg-9"/>
            </allocated_space>
            <available_space>
               <start_address>0x350</start_address>
               <size>0xb0</size>
            </available_space>
         </usage_details>
      </memory_area>
      <memory_area display="yes" color="green">
         <name>RAMM1</name>
         <page_id>0x1</page_id>
         <origin>0x400</origin>
         <length>0x400</length>
         <used_space>0x0</used_space>
         <unused_space>0x400</unused_space>
         <attributes>RWIX</attributes>
         <usage_details>
         </usage_details>
      </memory_area>
      <memory_area display="yes" color="green">
         <name>DEV_EMU</name>
         <page_id>0x1</page_id>
         <origin>0x880</origin>
         <length>0x105</length>
         <used_space>0x4</used_space>
         <unused_space>0x101</unused_space>
         <attributes>RWIX</attributes>
         <usage_details>
            <allocated_space>
               <start_address>0x880</start_address>
               <size>0x4</size>
               <logical_group_ref idref="lg-1b"/>
            </allocated_space>
            <available_space>
               <start_address>0x884</start_address>
               <size>0x101</size>
            </available_space>
         </usage_details>
      </memory_area>
      <memory_area display="no" color="green">
         <name>SYS_PWR_CTL</name>
         <page_id>0x1</page_id>
         <origin>0x985</origin>
         <length>0x3</length>
         <used_space>0x3</used_space>
         <unused_space>0x0</unused_space>
         <attributes>RWIX</attributes>
         <usage_details>
            <allocated_space>
               <start_address>0x985</start_address>
               <size>0x3</size>
               <logical_group_ref idref="lg-1c"/>
            </allocated_space>
         </usage_details>
      </memory_area>
      <memory_area display="no" color="green">
         <name>FLASH_REGS</name>
         <page_id>0x1</page_id>
         <origin>0xa80</origin>
         <length>0x60</length>
         <used_space>0x8</used_space>
         <unused_space>0x58</unused_space>
         <attributes>RWIX</attributes>
         <usage_details>
            <allocated_space>
               <start_address>0xa80</start_address>
               <size>0x8</size>
               <logical_group_ref idref="lg-1d"/>
            </allocated_space>
            <available_space>
               <start_address>0xa88</start_address>
               <size>0x58</size>
            </available_space>
         </usage_details>
      </memory_area>
      <memory_area display="no" color="green">
         <name>CSM</name>
         <page_id>0x1</page_id>
         <origin>0xae0</origin>
         <length>0x10</length>
         <used_space>0x10</used_space>
         <unused_space>0x0</unused_space>
         <attributes>RWIX</attributes>
         <usage_details>
            <allocated_space>
               <start_address>0xae0</start_address>
               <size>0x10</size>
               <logical_group_ref idref="lg-1e"/>
            </allocated_space>
         </usage_details>
      </memory_area>
      <memory_area display="no" color="green">
         <name>ADC_RESULT</name>
         <page_id>0x1</page_id>
         <origin>0xb00</origin>
         <length>0x20</length>
         <used_space>0x20</used_space>
         <unused_space>0x0</unused_space>
         <attributes>RWIX</attributes>
         <usage_details>
            <allocated_space>
               <start_address>0xb00</start_address>
               <size>0x20</size>
               <logical_group_ref idref="lg-1f"/>
            </allocated_space>
         </usage_details>
      </memory_area>
      <memory_area display="no" color="green">
         <name>CPU_TIMER0</name>
         <page_id>0x1</page_id>
         <origin>0xc00</origin>
         <length>0x8</length>
         <used_space>0x8</used_space>
         <unused_space>0x0</unused_space>
         <attributes>RWIX</attributes>
         <usage_details>
            <allocated_space>
               <start_address>0xc00</start_address>
               <size>0x8</size>
               <logical_group_ref idref="lg-20"/>
            </allocated_space>
         </usage_details>
      </memory_area>
      <memory_area display="no" color="green">
         <name>CPU_TIMER1</name>
         <page_id>0x1</page_id>
         <origin>0xc08</origin>
         <length>0x8</length>
         <used_space>0x8</used_space>
         <unused_space>0x0</unused_space>
         <attributes>RWIX</attributes>
         <usage_details>
            <allocated_space>
               <start_address>0xc08</start_address>
               <size>0x8</size>
               <logical_group_ref idref="lg-21"/>
            </allocated_space>
         </usage_details>
      </memory_area>
      <memory_area display="no" color="green">
         <name>CPU_TIMER2</name>
         <page_id>0x1</page_id>
         <origin>0xc10</origin>
         <length>0x8</length>
         <used_space>0x8</used_space>
         <unused_space>0x0</unused_space>
         <attributes>RWIX</attributes>
         <usage_details>
            <allocated_space>
               <start_address>0xc10</start_address>
               <size>0x8</size>
               <logical_group_ref idref="lg-22"/>
            </allocated_space>
         </usage_details>
      </memory_area>
      <memory_area display="no" color="green">
         <name>PIE_CTRL</name>
         <page_id>0x1</page_id>
         <origin>0xce0</origin>
         <length>0x20</length>
         <used_space>0x1a</used_space>
         <unused_space>0x6</unused_space>
         <attributes>RWIX</attributes>
         <usage_details>
            <allocated_space>
               <start_address>0xce0</start_address>
               <size>0x1a</size>
               <logical_group_ref idref="lg-23"/>
            </allocated_space>
            <available_space>
               <start_address>0xcfa</start_address>
               <size>0x6</size>
            </available_space>
         </usage_details>
      </memory_area>
      <memory_area display="yes" color="green">
         <name>PIE_VECT</name>
         <page_id>0x1</page_id>
         <origin>0xd00</origin>
         <length>0x100</length>
         <used_space>0x100</used_space>
         <unused_space>0x0</unused_space>
         <attributes>RWIX</attributes>
         <usage_details>
            <allocated_space>
               <start_address>0xd00</start_address>
               <size>0x100</size>
               <logical_group_ref idref="lg-14"/>
            </allocated_space>
         </usage_details>
      </memory_area>
      <memory_area display="no" color="green">
         <name>COMP1</name>
         <page_id>0x1</page_id>
         <origin>0x6400</origin>
         <length>0x20</length>
         <used_space>0x11</used_space>
         <unused_space>0xf</unused_space>
         <attributes>RWIX</attributes>
         <usage_details>
            <allocated_space>
               <start_address>0x6400</start_address>
               <size>0x11</size>
               <logical_group_ref idref="lg-2f"/>
            </allocated_space>
            <available_space>
               <start_address>0x6411</start_address>
               <size>0xf</size>
            </available_space>
         </usage_details>
      </memory_area>
      <memory_area display="no" color="green">
         <name>COMP2</name>
         <page_id>0x1</page_id>
         <origin>0x6420</origin>
         <length>0x20</length>
         <used_space>0x11</used_space>
         <unused_space>0xf</unused_space>
         <attributes>RWIX</attributes>
         <usage_details>
            <allocated_space>
               <start_address>0x6420</start_address>
               <size>0x11</size>
               <logical_group_ref idref="lg-30"/>
            </allocated_space>
            <available_space>
               <start_address>0x6431</start_address>
               <size>0xf</size>
            </available_space>
         </usage_details>
      </memory_area>
      <memory_area display="no" color="green">
         <name>EPWM1</name>
         <page_id>0x1</page_id>
         <origin>0x6800</origin>
         <length>0x40</length>
         <used_space>0x40</used_space>
         <unused_space>0x0</unused_space>
         <attributes>RWIX</attributes>
         <usage_details>
            <allocated_space>
               <start_address>0x6800</start_address>
               <size>0x40</size>
               <logical_group_ref idref="lg-31"/>
            </allocated_space>
         </usage_details>
      </memory_area>
      <memory_area display="no" color="green">
         <name>EPWM2</name>
         <page_id>0x1</page_id>
         <origin>0x6840</origin>
         <length>0x40</length>
         <used_space>0x40</used_space>
         <unused_space>0x0</unused_space>
         <attributes>RWIX</attributes>
         <usage_details>
            <allocated_space>
               <start_address>0x6840</start_address>
               <size>0x40</size>
               <logical_group_ref idref="lg-32"/>
            </allocated_space>
         </usage_details>
      </memory_area>
      <memory_area display="no" color="green">
         <name>EPWM3</name>
         <page_id>0x1</page_id>
         <origin>0x6880</origin>
         <length>0x40</length>
         <used_space>0x40</used_space>
         <unused_space>0x0</unused_space>
         <attributes>RWIX</attributes>
         <usage_details>
            <allocated_space>
               <start_address>0x6880</start_address>
               <size>0x40</size>
               <logical_group_ref idref="lg-33"/>
            </allocated_space>
         </usage_details>
      </memory_area>
      <memory_area display="no" color="green">
         <name>EPWM4</name>
         <page_id>0x1</page_id>
         <origin>0x68c0</origin>
         <length>0x40</length>
         <used_space>0x40</used_space>
         <unused_space>0x0</unused_space>
         <attributes>RWIX</attributes>
         <usage_details>
            <allocated_space>
               <start_address>0x68c0</start_address>
               <size>0x40</size>
               <logical_group_ref idref="lg-34"/>
            </allocated_space>
         </usage_details>
      </memory_area>
      <memory_area display="no" color="green">
         <name>ECAP1</name>
         <page_id>0x1</page_id>
         <origin>0x6a00</origin>
         <length>0x20</length>
         <used_space>0x20</used_space>
         <unused_space>0x0</unused_space>
         <attributes>RWIX</attributes>
         <usage_details>
            <allocated_space>
               <start_address>0x6a00</start_address>
               <size>0x20</size>
               <logical_group_ref idref="lg-24"/>
[...]
         <name>_InitSciFIFO</name>
         <value>0x3f63e4</value>
         <object_component_ref idref="oc-bd"/>
      </symbol>
      <symbol id="sm-95">
         <name>_InitGPIOuart</name>
         <value>0x3f63ce</value>
         <object_component_ref idref="oc-bd"/>
      </symbol>
      <symbol id="sm-96">
         <name>_UARTsendData</name>
         <value>0x3f63f7</value>
         <object_component_ref idref="oc-bd"/>
      </symbol>
      <symbol id="sm-97">
         <name>_UARTsendString</name>
         <value>0x3f6403</value>
         <object_component_ref idref="oc-bd"/>
      </symbol>
      <symbol id="sm-a7">
         <name>_main</name>
         <value>0x3f6547</value>
         <object_component_ref idref="oc-b9"/>
      </symbol>
      <symbol id="sm-b7">
         <name>_InitExtInterrupt</name>
         <value>0x3f638e</value>
         <object_component_ref idref="oc-bc"/>
      </symbol>
      <symbol id="sm-b8">
         <name>_InitStartSystem</name>
         <value>0x3f6354</value>
         <object_component_ref idref="oc-bc"/>
      </symbol>
      <symbol id="sm-b9">
         <name>_delay</name>
         <value>0x3f63a8</value>
         <object_component_ref idref="oc-bc"/>
      </symbol>
      <symbol id="sm-ba">
         <name>_XInt1_Isr</name>
         <value>0x3f6534</value>
         <object_component_ref idref="oc-45"/>
      </symbol>
      <symbol id="sm-bb">
         <name>_InitLEDgpio</name>
         <value>0x3f6367</value>
         <object_component_ref idref="oc-bc"/>
      </symbol>
      <symbol id="sm-cb">
         <name>code_start</name>
         <value>0x3f7ff6</value>
         <object_component_ref idref="oc-4b"/>
      </symbol>
      <symbol id="sm-10a">
         <name>_ILLEGAL_ISR</name>
         <value>0x3f6257</value>
         <object_component_ref idref="oc-51"/>
      </symbol>
      <symbol id="sm-10b">
         <name>_ADCINT4_ISR</name>
         <value>0x3f6327</value>
         <object_component_ref idref="oc-51"/>
      </symbol>
      <symbol id="sm-10c">
         <name>_DATALOG_ISR</name>
         <value>0x3f6243</value>
         <object_component_ref idref="oc-51"/>
      </symbol>
      <symbol id="sm-10d">
         <name>_SPITXINTA_ISR</name>
         <value>0x3f62ed</value>
         <object_component_ref idref="oc-51"/>
      </symbol>
      <symbol id="sm-10e">
         <name>_SPIRXINTA_ISR</name>
         <value>0x3f62e8</value>
         <object_component_ref idref="oc-51"/>
      </symbol>
      <symbol id="sm-10f">
         <name>_INT13_ISR</name>
         <value>0x3f6239</value>
         <object_component_ref idref="oc-51"/>
      </symbol>
      <symbol id="sm-110">
         <name>_ADCINT5_ISR</name>
         <value>0x3f632c</value>
         <object_component_ref idref="oc-51"/>
      </symbol>
      <symbol id="sm-111">
         <name>_EPWM4_INT_ISR</name>
         <value>0x3f62de</value>
         <object_component_ref idref="oc-51"/>
      </symbol>
      <symbol id="sm-112">
         <name>_USER5_ISR</name>
         <value>0x3f6270</value>
         <object_component_ref idref="oc-51"/>
      </symbol>
      <symbol id="sm-113">
         <name>_EMPTY_ISR</name>
         <value>0x3f6345</value>
         <object_component_ref idref="oc-51"/>
      </symbol>
      <symbol id="sm-114">
         <name>_EPWM4_TZINT_ISR</name>
         <value>0x3f62ca</value>
         <object_component_ref idref="oc-51"/>
      </symbol>
      <symbol id="sm-115">
         <name>_EMUINT_ISR</name>
         <value>0x3f624d</value>
         <object_component_ref idref="oc-51"/>
      </symbol>
      <symbol id="sm-116">
         <name>_ECAP1_INT_ISR</name>
         <value>0x3f62e3</value>
         <object_component_ref idref="oc-51"/>
      </symbol>
      <symbol id="sm-117">
         <name>_EPWM1_TZINT_ISR</name>
         <value>0x3f62bb</value>
         <object_component_ref idref="oc-51"/>
      </symbol>
      <symbol id="sm-118">
         <name>_ADCINT6_ISR</name>
         <value>0x3f6331</value>
         <object_component_ref idref="oc-51"/>
      </symbol>
      <symbol id="sm-119">
         <name>_ADCINT8_ISR</name>
         <value>0x3f633b</value>
         <object_component_ref idref="oc-51"/>
      </symbol>
      <symbol id="sm-11a">
         <name>_USER11_ISR</name>
         <value>0x3f628e</value>
         <object_component_ref idref="oc-51"/>
      </symbol>
      <symbol id="sm-11b">
         <name>_EPWM3_TZINT_ISR</name>
         <value>0x3f62c5</value>
         <object_component_ref idref="oc-51"/>
      </symbol>
      <symbol id="sm-11c">
         <name>_USER4_ISR</name>
         <value>0x3f626b</value>
         <object_component_ref idref="oc-51"/>
      </symbol>
      <symbol id="sm-11d">
         <name>_EPWM2_TZINT_ISR</name>
         <value>0x3f62c0</value>
         <object_component_ref idref="oc-51"/>
      </symbol>
      <symbol id="sm-11e">
         <name>_EPWM2_INT_ISR</name>
         <value>0x3f62d4</value>
         <object_component_ref idref="oc-51"/>
      </symbol>
      <symbol id="sm-11f">
         <name>_TINT0_ISR</name>
         <value>0x3f62b1</value>
         <object_component_ref idref="oc-51"/>
      </symbol>
      <symbol id="sm-120">
         <name>_WAKEINT_ISR</name>
         <value>0x3f62b6</value>
         <object_component_ref idref="oc-51"/>
      </symbol>
      <symbol id="sm-121">
         <name>_ADCINT7_ISR</name>
         <value>0x3f6336</value>
         <object_component_ref idref="oc-51"/>
      </symbol>
      <symbol id="sm-122">
         <name>_ADCINT9_ISR</name>
         <value>0x3f62ac</value>
         <object_component_ref idref="oc-51"/>
      </symbol>
      <symbol id="sm-123">
         <name>_USER10_ISR</name>
         <value>0x3f6289</value>
         <object_component_ref idref="oc-51"/>
      </symbol>
      <symbol id="sm-124">
         <name>_USER7_ISR</name>
         <value>0x3f627a</value>
         <object_component_ref idref="oc-51"/>
      </symbol>
      <symbol id="sm-125">
         <name>_XINT1_ISR</name>
         <value>0x3f62a2</value>
         <object_component_ref idref="oc-51"/>
      </symbol>
      <symbol id="sm-126">
         <name>_INT14_ISR</name>
         <value>0x3f623e</value>
         <object_component_ref idref="oc-51"/>
      </symbol>
      <symbol id="sm-127">
         <name>_USER6_ISR</name>
         <value>0x3f6275</value>
         <object_component_ref idref="oc-51"/>
      </symbol>
      <symbol id="sm-128">
         <name>_ADCINT1_ISR</name>
         <value>0x3f6298</value>
         <object_component_ref idref="oc-51"/>
      </symbol>
      <symbol id="sm-129">
         <name>_USER12_ISR</name>
         <value>0x3f6293</value>
         <object_component_ref idref="oc-51"/>
      </symbol>
      <symbol id="sm-12a">
         <name>_USER1_ISR</name>
         <value>0x3f625c</value>
         <object_component_ref idref="oc-51"/>
      </symbol>
      <symbol id="sm-12b">
         <name>_XINT3_ISR</name>
         <value>0x3f6340</value>
         <object_component_ref idref="oc-51"/>
      </symbol>
      <symbol id="sm-12c">
         <name>_NMI_ISR</name>
         <value>0x3f6252</value>
         <object_component_ref idref="oc-51"/>
      </symbol>
      <symbol id="sm-12d">
         <name>_ADCINT2_ISR</name>
         <value>0x3f629d</value>
         <object_component_ref idref="oc-51"/>
      </symbol>
      <symbol id="sm-12e">
         <name>_PIE_RESERVED</name>
         <value>0x3f634a</value>
         <object_component_ref idref="oc-51"/>
      </symbol>
      <symbol id="sm-12f">
         <name>_I2CINT1A_ISR</name>
         <value>0x3f62f2</value>
         <object_component_ref idref="oc-51"/>
      </symbol>
      <symbol id="sm-130">
         <name>_XINT2_ISR</name>
         <value>0x3f62a7</value>
         <object_component_ref idref="oc-51"/>
      </symbol>
      <symbol id="sm-131">
         <name>_I2CINT2A_ISR</name>
         <value>0x3f62f7</value>
         <object_component_ref idref="oc-51"/>
      </symbol>
      <symbol id="sm-132">
         <name>_RTOSINT_ISR</name>
         <value>0x3f6248</value>
         <object_component_ref idref="oc-51"/>
      </symbol>
      <symbol id="sm-133">
         <name>_EPWM3_INT_ISR</name>
         <value>0x3f62d9</value>
         <object_component_ref idref="oc-51"/>
      </symbol>
      <symbol id="sm-134">
         <name>_ADCINT3_ISR</name>
         <value>0x3f6322</value>
         <object_component_ref idref="oc-51"/>
      </symbol>
      <symbol id="sm-135">
         <name>_USER9_ISR</name>
         <value>0x3f6284</value>
         <object_component_ref idref="oc-51"/>
      </symbol>
      <symbol id="sm-136">
         <name>_USER3_ISR</name>
         <value>0x3f6266</value>
         <object_component_ref idref="oc-51"/>
      </symbol>
      <symbol id="sm-137">
         <name>_USER8_ISR</name>
         <value>0x3f627f</value>
         <object_component_ref idref="oc-51"/>
      </symbol>
      <symbol id="sm-138">
         <name>_EPWM1_INT_ISR</name>
         <value>0x3f62cf</value>
         <object_component_ref idref="oc-51"/>
      </symbol>
      <symbol id="sm-139">
         <name>_USER2_ISR</name>
         <value>0x3f6261</value>
         <object_component_ref idref="oc-51"/>
      </symbol>
      <symbol id="sm-13a">
         <name>_SCITXINTA_ISR</name>
         <value>0x3f631d</value>
         <object_component_ref idref="oc-51"/>
      </symbol>
      <symbol id="sm-13b">
         <name>_SCIRXINTA_ISR</name>
         <value>0x3f62fc</value>
         <object_component_ref idref="oc-51"/>
      </symbol>
      <symbol id="sm-13c">
         <name>_rsvd_ISR</name>
         <value>0x3f634f</value>
         <object_component_ref idref="oc-51"/>
      </symbol>
      <symbol id="sm-184">
         <name>_GpioCtrlRegs</name>
         <value>0x6f80</value>
         <object_component_ref idref="oc-75"/>
      </symbol>
      <symbol id="sm-185">
         <name>_PieVectTable</name>
         <value>0xd00</value>
         <object_component_ref idref="oc-77"/>
      </symbol>
      <symbol id="sm-186">
         <name>_SysPwrCtrlRegs</name>
         <value>0x985</value>
         <object_component_ref idref="oc-5c"/>
      </symbol>
      <symbol id="sm-187">
         <name>_EmuBMode</name>
         <value>0xd01</value>
         <object_component_ref idref="oc-59"/>
      </symbol>
      <symbol id="sm-188">
         <name>_CsmRegs</name>
         <value>0xae0</value>
         <object_component_ref idref="oc-67"/>
      </symbol>
      <symbol id="sm-189">
         <name>_AdcResult</name>
         <value>0xb00</value>
         <object_component_ref idref="oc-6f"/>
      </symbol>
      <symbol id="sm-18a">
         <name>_EPwm4Regs</name>
         <value>0x68c0</value>
         <object_component_ref idref="oc-73"/>
      </symbol>
      <symbol id="sm-18b">
         <name>_CpuTimer1Regs</name>
         <value>0xc08</value>
         <object_component_ref idref="oc-60"/>
      </symbol>
      <symbol id="sm-18c">
         <name>_SysCtrlRegs</name>
         <value>0x7010</value>
         <object_component_ref idref="oc-6c"/>
      </symbol>
      <symbol id="sm-18d">
         <name>_SpiaRegs</name>
         <value>0x7040</value>
         <object_component_ref idref="oc-64"/>
      </symbol>
      <symbol id="sm-18e">
         <name>_FlashRegs</name>
         <value>0xa80</value>
         <object_component_ref idref="oc-5e"/>
      </symbol>
      <symbol id="sm-18f">
         <name>_CpuTimer0Regs</name>
         <value>0xc00</value>
         <object_component_ref idref="oc-5f"/>
      </symbol>
      <symbol id="sm-190">
         <name>_DevEmuRegs</name>
         <value>0x880</value>
         <object_component_ref idref="oc-5d"/>
      </symbol>
      <symbol id="sm-191">
         <name>_Comp1Regs</name>
         <value>0x6400</value>
         <object_component_ref idref="oc-6a"/>
      </symbol>
      <symbol id="sm-192">
         <name>_SciaRegs</name>
         <value>0x7050</value>
         <object_component_ref idref="oc-65"/>
      </symbol>
      <symbol id="sm-193">
         <name>_GpioDataRegs</name>
         <value>0x6fc0</value>
         <object_component_ref idref="oc-6d"/>
      </symbol>
      <symbol id="sm-194">
         <name>_CsmPwl</name>
         <value>0x3f7ff8</value>
         <object_component_ref idref="oc-62"/>
      </symbol>
      <symbol id="sm-195">
         <name>_AdcRegs</name>
         <value>0x7100</value>
         <object_component_ref idref="oc-76"/>
      </symbol>
      <symbol id="sm-196">
         <name>_Comp2Regs</name>
         <value>0x6420</value>
         <object_component_ref idref="oc-69"/>
      </symbol>
      <symbol id="sm-197">
         <name>_XIntruptRegs</name>
         <value>0x7070</value>
         <object_component_ref idref="oc-68"/>
      </symbol>
      <symbol id="sm-198">
         <name>_CpuTimer2Regs</name>
         <value>0xc10</value>
         <object_component_ref idref="oc-61"/>
      </symbol>
      <symbol id="sm-199">
         <name>_PieCtrlRegs</name>
         <value>0xce0</value>
         <object_component_ref idref="oc-6b"/>
      </symbol>
      <symbol id="sm-19a">
         <name>_ECap1Regs</name>
         <value>0x6a00</value>
         <object_component_ref idref="oc-6e"/>
      </symbol>
      <symbol id="sm-19b">
         <name>_EmuKey</name>
         <value>0xd00</value>
         <object_component_ref idref="oc-57"/>
      </symbol>
      <symbol id="sm-19c">
         <name>_EPwm1Regs</name>
         <value>0x6800</value>
         <object_component_ref idref="oc-74"/>
      </symbol>
      <symbol id="sm-19d">
         <name>_GpioIntRegs</name>
         <value>0x6fe0</value>
         <object_component_ref idref="oc-63"/>
      </symbol>
      <symbol id="sm-19e">
         <name>_PartIdRegs</name>
         <value>0x3d7fff</value>
         <object_component_ref idref="oc-58"/>
      </symbol>
      <symbol id="sm-19f">
         <name>_Flash_CPUScaleFactor</name>
         <value>0xd04</value>
         <object_component_ref idref="oc-5a"/>
      </symbol>
      <symbol id="sm-1a0">
         <name>_EPwm2Regs</name>
         <value>0x6840</value>
         <object_component_ref idref="oc-72"/>
      </symbol>
      <symbol id="sm-1a1">
         <name>_NmiIntruptRegs</name>
         <value>0x7060</value>
         <object_component_ref idref="oc-66"/>
      </symbol>
      <symbol id="sm-1a2">
         <name>_Flash_CallbackPtr</name>
         <value>0xd02</value>
         <object_component_ref idref="oc-5b"/>
      </symbol>
      <symbol id="sm-1a3">
         <name>_EPwm3Regs</name>
         <value>0x6880</value>
         <object_component_ref idref="oc-71"/>
      </symbol>
      <symbol id="sm-1a4">
         <name>_I2caRegs</name>
         <value>0x7900</value>
         <object_component_ref idref="oc-70"/>
      </symbol>
      <symbol id="sm-1b0">
         <name>_InitPieCtrl</name>
         <value>0x3f648c</value>
         <object_component_ref idref="oc-c1"/>
      </symbol>
      <symbol id="sm-1b1">
         <name>_EnableInterrupts</name>
         <value>0x3f64ab</value>
         <object_component_ref idref="oc-c1"/>
      </symbol>
      <symbol id="sm-1c1">
         <name>_PieVectTableInit</name>
         <value>0x3f6000</value>
         <object_component_ref idref="oc-c4"/>
      </symbol>
      <symbol id="sm-1c2">
         <name>_InitPieVectTable</name>
         <value>0x3f64b4</value>
         <object_component_ref idref="oc-c2"/>
      </symbol>
      <symbol id="sm-1d7">
         <name>_InitPll</name>
         <value>0x3f613d</value>
         <object_component_ref idref="oc-c0"/>
      </symbol>
      <symbol id="sm-1d8">
         <name>_IntOsc1Sel</name>
         <value>0x3f61ed</value>
         <object_component_ref idref="oc-c0"/>
      </symbol>
      <symbol id="sm-1d9">
         <name>_ExtOscSel</name>
         <value>0x3f6223</value>
         <object_component_ref idref="oc-c0"/>
      </symbol>
      <symbol id="sm-1da">
         <name>_DisableDog</name>
         <value>0x3f6135</value>
         <object_component_ref idref="oc-c0"/>
      </symbol>
      <symbol id="sm-1db">
         <name>_InitPeripheralClocks</name>
         <value>0x3f618a</value>
         <object_component_ref idref="oc-c0"/>
      </symbol>
      <symbol id="sm-1dc">
         <name>_IntOsc2Sel</name>
         <value>0x3f61fd</value>
         <object_component_ref idref="oc-c0"/>
      </symbol>
      <symbol id="sm-1dd">
         <name>_CsmUnlock</name>
         <value>0x3f61bc</value>
         <object_component_ref idref="oc-c0"/>
      </symbol>
      <symbol id="sm-1de">
         <name>_ServiceDog</name>
         <value>0x3f612b</value>
         <object_component_ref idref="oc-c0"/>
      </symbol>
      <symbol id="sm-1df">
         <name>_XtalOscSel</name>
         <value>0x3f620f</value>
         <object_component_ref idref="oc-c0"/>
      </symbol>
      <symbol id="sm-1e0">
         <name>_InitSysCtrl</name>
         <value>0x3f6111</value>
         <object_component_ref idref="oc-c0"/>
      </symbol>
      <symbol id="sm-1fb">
         <name>_c_int00</name>
         <value>0x3f640f</value>
         <object_component_ref idref="oc-38"/>
      </symbol>
      <symbol id="sm-1fc">
         <name>__stack</name>
         <value>0x50</value>
         <object_component_ref idref="oc-88"/>
      </symbol>
      <symbol id="sm-20b">
         <name>_copy_in</name>
         <value>0x3f64da</value>
         <object_component_ref idref="oc-b4"/>
      </symbol>
      <symbol id="sm-21f">
         <name>C$$EXIT</name>
         <value>0x3f6463</value>
         <object_component_ref idref="oc-b7"/>
      </symbol>
      <symbol id="sm-220">
         <name>_exit</name>
         <value>0x3f6465</value>
         <object_component_ref idref="oc-b7"/>
      </symbol>
      <symbol id="sm-221">
         <name>___TI_cleanup_ptr</name>
         <value>0x8802</value>
         <object_component_ref idref="oc-95"/>
      </symbol>
      <symbol id="sm-222">
         <name>___TI_enable_exit_profile_output</name>
         <value>0x8800</value>
         <object_component_ref idref="oc-95"/>
      </symbol>
      <symbol id="sm-223">
         <name>_abort</name>
         <value>0x3f6463</value>
         <object_component_ref idref="oc-b7"/>
      </symbol>
      <symbol id="sm-224">
         <name>___TI_dtors_ptr</name>
         <value>0x8804</value>
         <object_component_ref idref="oc-95"/>
      </symbol>
      <symbol id="sm-235">
         <name>_memcpy</name>
         <value>0x3f64fe</value>
         <object_component_ref idref="oc-b8"/>
      </symbol>
      <symbol id="sm-241">
         <name>__system_pre_init</name>
         <value>0x3f6566</value>
         <object_component_ref idref="oc-b3"/>
      </symbol>
      <symbol id="sm-24d">
         <name>__system_post_cinit</name>
         <value>0x3f6568</value>
         <object_component_ref idref="oc-b5"/>
      </symbol>
      <symbol id="sm-261">
         <name>__unlock</name>
         <value>0x8808</value>
         <object_component_ref idref="oc-c3"/>
      </symbol>
      <symbol id="sm-262">
         <name>__lock</name>
         <value>0x8806</value>
         <object_component_ref idref="oc-ba"/>
      </symbol>
      <symbol id="sm-263">
         <name>__register_lock</name>
         <value>0x3f6559</value>
         <object_component_ref idref="oc-be"/>
      </symbol>
      <symbol id="sm-264">
         <name>__nop</name>
         <value>0x3f655d</value>
         <object_component_ref idref="oc-be"/>
      </symbol>
      <symbol id="sm-265">
         <name>__register_unlock</name>
         <value>0x3f6555</value>
         <object_component_ref idref="oc-be"/>
      </symbol>
      <symbol id="sm-274">
         <name>__args_main</name>
         <value>0x3f651b</value>
         <object_component_ref idref="oc-b6"/>
      </symbol>
   </symbol_table>
   <title>Link successful</title>
</link_info>
